/home/eauten2s/.local/lib/python3.9/site-packages/huggingface_hub/file_download.py:1132: FutureWarning: `resume_download` is deprecated and will be removed in version 1.0.0. Downloads always resume when possible. If you want to force a new download, use `force_download=True`.
  warnings.warn(
/home/eauten2s/.local/lib/python3.9/site-packages/transformers/generation/configuration_utils.py:410: UserWarning: `do_sample` is set to `False`. However, `temperature` is set to `0.5` -- this flag is only used in sample-based generation modes. You should set `do_sample=True` or unset `temperature`. This was detected when initializing the generation config instance, which means the corresponding file may hold incorrect parameterization and should be fixed.
  warnings.warn(
/home/eauten2s/.local/lib/python3.9/site-packages/transformers/generation/configuration_utils.py:410: UserWarning: `do_sample` is set to `False`. However, `temperature` is set to `0.5` -- this flag is only used in sample-based generation modes. You should set `do_sample=True` or unset `temperature`.
  warnings.warn(

Loading checkpoint shards:   0%|          | 0/37 [00:00<?, ?it/s]
Loading checkpoint shards:   3%|▎         | 1/37 [00:00<00:19,  1.83it/s]
Loading checkpoint shards:   5%|▌         | 2/37 [00:01<00:19,  1.81it/s]
Loading checkpoint shards:   8%|▊         | 3/37 [00:01<00:18,  1.84it/s]
Loading checkpoint shards:  11%|█         | 4/37 [00:02<00:18,  1.83it/s]
Loading checkpoint shards:  14%|█▎        | 5/37 [00:02<00:17,  1.82it/s]
Loading checkpoint shards:  16%|█▌        | 6/37 [00:03<00:17,  1.82it/s]
Loading checkpoint shards:  19%|█▉        | 7/37 [00:03<00:16,  1.83it/s]
Loading checkpoint shards:  22%|██▏       | 8/37 [00:04<00:15,  1.82it/s]
Loading checkpoint shards:  24%|██▍       | 9/37 [00:04<00:15,  1.82it/s]
Loading checkpoint shards:  27%|██▋       | 10/37 [00:05<00:14,  1.82it/s]
Loading checkpoint shards:  30%|██▉       | 11/37 [00:06<00:14,  1.84it/s]
Loading checkpoint shards:  32%|███▏      | 12/37 [00:06<00:13,  1.83it/s]
Loading checkpoint shards:  35%|███▌      | 13/37 [00:07<00:13,  1.83it/s]
Loading checkpoint shards:  38%|███▊      | 14/37 [00:07<00:12,  1.82it/s]
Loading checkpoint shards:  41%|████      | 15/37 [00:08<00:12,  1.83it/s]
Loading checkpoint shards:  43%|████▎     | 16/37 [00:08<00:11,  1.83it/s]
Loading checkpoint shards:  46%|████▌     | 17/37 [00:09<00:11,  1.80it/s]
Loading checkpoint shards:  49%|████▊     | 18/37 [00:09<00:10,  1.80it/s]
Loading checkpoint shards:  51%|█████▏    | 19/37 [00:10<00:09,  1.81it/s]
Loading checkpoint shards:  54%|█████▍    | 20/37 [00:11<00:09,  1.77it/s]
Loading checkpoint shards:  57%|█████▋    | 21/37 [00:11<00:09,  1.75it/s]
Loading checkpoint shards:  59%|█████▉    | 22/37 [00:12<00:08,  1.73it/s]
Loading checkpoint shards:  62%|██████▏   | 23/37 [00:12<00:08,  1.74it/s]
Loading checkpoint shards:  65%|██████▍   | 24/37 [00:13<00:07,  1.72it/s]
Loading checkpoint shards:  68%|██████▊   | 25/37 [00:13<00:07,  1.71it/s]
Loading checkpoint shards:  70%|███████   | 26/37 [00:14<00:06,  1.71it/s]
Loading checkpoint shards:  73%|███████▎  | 27/37 [00:15<00:05,  1.70it/s]
Loading checkpoint shards:  76%|███████▌  | 28/37 [00:15<00:05,  1.70it/s]
Loading checkpoint shards:  78%|███████▊  | 29/37 [00:16<00:05,  1.57it/s]
Loading checkpoint shards:  81%|████████  | 30/37 [00:17<00:05,  1.36it/s]
Loading checkpoint shards:  84%|████████▍ | 31/37 [00:18<00:04,  1.32it/s]
Loading checkpoint shards:  86%|████████▋ | 32/37 [00:19<00:04,  1.20it/s]
Loading checkpoint shards:  89%|████████▉ | 33/37 [00:20<00:03,  1.13it/s]
Loading checkpoint shards:  92%|█████████▏| 34/37 [00:21<00:02,  1.18it/s]
Loading checkpoint shards:  95%|█████████▍| 35/37 [00:21<00:01,  1.25it/s]
Loading checkpoint shards:  97%|█████████▋| 36/37 [00:22<00:00,  1.28it/s]
Loading checkpoint shards: 100%|██████████| 37/37 [00:23<00:00,  1.35it/s]
Loading checkpoint shards: 100%|██████████| 37/37 [00:23<00:00,  1.60it/s]
/home/eauten2s/.local/lib/python3.9/site-packages/huggingface_hub/file_download.py:1132: FutureWarning: `resume_download` is deprecated and will be removed in version 1.0.0. Downloads always resume when possible. If you want to force a new download, use `force_download=True`.
  warnings.warn(
/home/eauten2s/.local/lib/python3.9/site-packages/huggingface_hub/file_download.py:1132: FutureWarning: `resume_download` is deprecated and will be removed in version 1.0.0. Downloads always resume when possible. If you want to force a new download, use `force_download=True`.
  warnings.warn(
Special tokens have been added in the vocabulary, make sure the associated word embeddings are fine-tuned or trained.
  