2024-05-27 14:23:49.823163: I tensorflow/core/platform/cpu_feature_guard.cc:210] This TensorFlow binary is optimized to use available CPU instructions in performance-critical operations.
To enable the following instructions: AVX2 FMA, in other operations, rebuild TensorFlow with the appropriate compiler flags.
2024-05-27 14:23:51.193307: W tensorflow/compiler/tf2tensorrt/utils/py_utils.cc:38] TF-TRT Warning: Could not find TensorRT
/usr/lib64/python3.9/site-packages/scipy/__init__.py:138: UserWarning: A NumPy version >=1.16.5 and <1.23.0 is required for this version of SciPy (detected version 1.26.4)
  warnings.warn(f"A NumPy version >={np_minversion} and <{np_maxversion} is required for this version of "
Das File: /work/eauten2s/ec_criteria_struct/lct/input/prompt/prompt2.txt wurde erfolgreich geladen.
Hier fängt die Pipeline an
Loading checkpoint shards:   0%|          | 0/4 [00:00<?, ?it/s]Loading checkpoint shards:  25%|██▌       | 1/4 [00:16<00:48, 16.24s/it]Loading checkpoint shards:  50%|█████     | 2/4 [00:32<00:32, 16.47s/it]Loading checkpoint shards:  75%|███████▌  | 3/4 [00:49<00:16, 16.47s/it]Loading checkpoint shards: 100%|██████████| 4/4 [00:53<00:00, 11.57s/it]Loading checkpoint shards: 100%|██████████| 4/4 [00:53<00:00, 13.35s/it]
Special tokens have been added in the vocabulary, make sure the associated word embeddings are fine-tuned or trained.
Setting `pad_token_id` to `eos_token_id`:128009 for open-end generation.
Setting `pad_token_id` to `eos_token_id`:128009 for open-end generation.
Setting `pad_token_id` to `eos_token_id`:128009 for open-end generation.
Setting `pad_token_id` to `eos_token_id`:128009 for open-end generation.
Setting `pad_token_id` to `eos_token_id`:128009 for open-end generation.
Setting `pad_token_id` to `eos_token_id`:128009 for open-end generation.
Setting `pad_token_id` to `eos_token_id`:128009 for open-end generation.
Setting `pad_token_id` to `eos_token_id`:128009 for open-end generation.
Setting `pad_token_id` to `eos_token_id`:128009 for open-end generation.
Setting `pad_token_id` to `eos_token_id`:128009 for open-end generation.
You seem to be using the pipelines sequentially on GPU. In order to maximize efficiency please use a dataset
Setting `pad_token_id` to `eos_token_id`:128009 for open-end generation.
Setting `pad_token_id` to `eos_token_id`:128009 for open-end generation.
Setting `pad_token_id` to `eos_token_id`:128009 for open-end generation.
Setting `pad_token_id` to `eos_token_id`:128009 for open-end generation.
Setting `pad_token_id` to `eos_token_id`:128009 for open-end generation.
Setting `pad_token_id` to `eos_token_id`:128009 for open-end generation.
Setting `pad_token_id` to `eos_token_id`:128009 for open-end generation.
Setting `pad_token_id` to `eos_token_id`:128009 for open-end generation.
Setting `pad_token_id` to `eos_token_id`:128009 for open-end generation.
Setting `pad_token_id` to `eos_token_id`:128009 for open-end generation.
Setting `pad_token_id` to `eos_token_id`:128009 for open-end generation.
Setting `pad_token_id` to `eos_token_id`:128009 for open-end generation.
Setting `pad_token_id` to `eos_token_id`:128009 for open-end generation.
Setting `pad_token_id` to `eos_token_id`:128009 for open-end generation.
Setting `pad_token_id` to `eos_token_id`:128009 for open-end generation.
Setting `pad_token_id` to `eos_token_id`:128009 for open-end generation.
Setting `pad_token_id` to `eos_token_id`:128009 for open-end generation.
Setting `pad_token_id` to `eos_token_id`:128009 for open-end generation.
Setting `pad_token_id` to `eos_token_id`:128009 for open-end generation.
Setting `pad_token_id` to `eos_token_id`:128009 for open-end generation.
Setting `pad_token_id` to `eos_token_id`:128009 for open-end generation.
Setting `pad_token_id` to `eos_token_id`:128009 for open-end generation.
Setting `pad_token_id` to `eos_token_id`:128009 for open-end generation.
Setting `pad_token_id` to `eos_token_id`:128009 for open-end generation.
Setting `pad_token_id` to `eos_token_id`:128009 for open-end generation.
Setting `pad_token_id` to `eos_token_id`:128009 for open-end generation.
Setting `pad_token_id` to `eos_token_id`:128009 for open-end generation.
Setting `pad_token_id` to `eos_token_id`:128009 for open-end generation.
Setting `pad_token_id` to `eos_token_id`:128009 for open-end generation.
Setting `pad_token_id` to `eos_token_id`:128009 for open-end generation.
Setting `pad_token_id` to `eos_token_id`:128009 for open-end generation.
Setting `pad_token_id` to `eos_token_id`:128009 for open-end generation.
Setting `pad_token_id` to `eos_token_id`:128009 for open-end generation.
Setting `pad_token_id` to `eos_token_id`:128009 for open-end generation.
Setting `pad_token_id` to `eos_token_id`:128009 for open-end generation.
Setting `pad_token_id` to `eos_token_id`:128009 for open-end generation.
Setting `pad_token_id` to `eos_token_id`:128009 for open-end generation.
Setting `pad_token_id` to `eos_token_id`:128009 for open-end generation.
Setting `pad_token_id` to `eos_token_id`:128009 for open-end generation.
Setting `pad_token_id` to `eos_token_id`:128009 for open-end generation.
Setting `pad_token_id` to `eos_token_id`:128009 for open-end generation.
Setting `pad_token_id` to `eos_token_id`:128009 for open-end generation.
Setting `pad_token_id` to `eos_token_id`:128009 for open-end generation.
Setting `pad_token_id` to `eos_token_id`:128009 for open-end generation.
Setting `pad_token_id` to `eos_token_id`:128009 for open-end generation.
Setting `pad_token_id` to `eos_token_id`:128009 for open-end generation.
Setting `pad_token_id` to `eos_token_id`:128009 for open-end generation.
Setting `pad_token_id` to `eos_token_id`:128009 for open-end generation.
Setting `pad_token_id` to `eos_token_id`:128009 for open-end generation.
Setting `pad_token_id` to `eos_token_id`:128009 for open-end generation.
Setting `pad_token_id` to `eos_token_id`:128009 for open-end generation.
Setting `pad_token_id` to `eos_token_id`:128009 for open-end generation.
Setting `pad_token_id` to `eos_token_id`:128009 for open-end generation.
Setting `pad_token_id` to `eos_token_id`:128009 for open-end generation.
Setting `pad_token_id` to `eos_token_id`:128009 for open-end generation.
Setting `pad_token_id` to `eos_token_id`:128009 for open-end generation.
Setting `pad_token_id` to `eos_token_id`:128009 for open-end generation.
Setting `pad_token_id` to `eos_token_id`:128009 for open-end generation.
Setting `pad_token_id` to `eos_token_id`:128009 for open-end generation.
Setting `pad_token_id` to `eos_token_id`:128009 for open-end generation.
Setting `pad_token_id` to `eos_token_id`:128009 for open-end generation.
Setting `pad_token_id` to `eos_token_id`:128009 for open-end generation.
Setting `pad_token_id` to `eos_token_id`:128009 for open-end generation.
Setting `pad_token_id` to `eos_token_id`:128009 for open-end generation.
Setting `pad_token_id` to `eos_token_id`:128009 for open-end generation.
Setting `pad_token_id` to `eos_token_id`:128009 for open-end generation.
Setting `pad_token_id` to `eos_token_id`:128009 for open-end generation.
Setting `pad_token_id` to `eos_token_id`:128009 for open-end generation.
Setting `pad_token_id` to `eos_token_id`:128009 for open-end generation.
Setting `pad_token_id` to `eos_token_id`:128009 for open-end generation.
Setting `pad_token_id` to `eos_token_id`:128009 for open-end generation.
Setting `pad_token_id` to `eos_token_id`:128009 for open-end generation.
Setting `pad_token_id` to `eos_token_id`:128009 for open-end generation.
Setting `pad_token_id` to `eos_token_id`:128009 for open-end generation.
Setting `pad_token_id` to `eos_token_id`:128009 for open-end generation.
Setting `pad_token_id` to `eos_token_id`:128009 for open-end generation.
Setting `pad_token_id` to `eos_token_id`:128009 for open-end generation.
Setting `pad_token_id` to `eos_token_id`:128009 for open-end generation.
Setting `pad_token_id` to `eos_token_id`:128009 for open-end generation.
Setting `pad_token_id` to `eos_token_id`:128009 for open-end generation.
Setting `pad_token_id` to `eos_token_id`:128009 for open-end generation.
Setting `pad_token_id` to `eos_token_id`:128009 for open-end generation.
Setting `pad_token_id` to `eos_token_id`:128009 for open-end generation.
Setting `pad_token_id` to `eos_token_id`:128009 for open-end generation.
Setting `pad_token_id` to `eos_token_id`:128009 for open-end generation.
Setting `pad_token_id` to `eos_token_id`:128009 for open-end generation.
Setting `pad_token_id` to `eos_token_id`:128009 for open-end generation.
Setting `pad_token_id` to `eos_token_id`:128009 for open-end generation.
Setting `pad_token_id` to `eos_token_id`:128009 for open-end generation.
Setting `pad_token_id` to `eos_token_id`:128009 for open-end generation.
Setting `pad_token_id` to `eos_token_id`:128009 for open-end generation.
Setting `pad_token_id` to `eos_token_id`:128009 for open-end generation.
Setting `pad_token_id` to `eos_token_id`:128009 for open-end generation.
Setting `pad_token_id` to `eos_token_id`:128009 for open-end generation.
Setting `pad_token_id` to `eos_token_id`:128009 for open-end generation.
Setting `pad_token_id` to `eos_token_id`:128009 for open-end generation.
Setting `pad_token_id` to `eos_token_id`:128009 for open-end generation.
Setting `pad_token_id` to `eos_token_id`:128009 for open-end generation.
Setting `pad_token_id` to `eos_token_id`:128009 for open-end generation.
Setting `pad_token_id` to `eos_token_id`:128009 for open-end generation.
Setting `pad_token_id` to `eos_token_id`:128009 for open-end generation.
Setting `pad_token_id` to `eos_token_id`:128009 for open-end generation.
Setting `pad_token_id` to `eos_token_id`:128009 for open-end generation.
Setting `pad_token_id` to `eos_token_id`:128009 for open-end generation.
Setting `pad_token_id` to `eos_token_id`:128009 for open-end generation.
Setting `pad_token_id` to `eos_token_id`:128009 for open-end generation.
Setting `pad_token_id` to `eos_token_id`:128009 for open-end generation.
Setting `pad_token_id` to `eos_token_id`:128009 for open-end generation.
Setting `pad_token_id` to `eos_token_id`:128009 for open-end generation.
Setting `pad_token_id` to `eos_token_id`:128009 for open-end generation.
Setting `pad_token_id` to `eos_token_id`:128009 for open-end generation.
Setting `pad_token_id` to `eos_token_id`:128009 for open-end generation.
Setting `pad_token_id` to `eos_token_id`:128009 for open-end generation.
Setting `pad_token_id` to `eos_token_id`:128009 for open-end generation.
Setting `pad_token_id` to `eos_token_id`:128009 for open-end generation.
Setting `pad_token_id` to `eos_token_id`:128009 for open-end generation.
Setting `pad_token_id` to `eos_token_id`:128009 for open-end generation.
Setting `pad_token_id` to `eos_token_id`:128009 for open-end generation.
Setting `pad_token_id` to `eos_token_id`:128009 for open-end generation.
Setting `pad_token_id` to `eos_token_id`:128009 for open-end generation.
Setting `pad_token_id` to `eos_token_id`:128009 for open-end generation.
Setting `pad_token_id` to `eos_token_id`:128009 for open-end generation.
Setting `pad_token_id` to `eos_token_id`:128009 for open-end generation.
Setting `pad_token_id` to `eos_token_id`:128009 for open-end generation.
Setting `pad_token_id` to `eos_token_id`:128009 for open-end generation.
Setting `pad_token_id` to `eos_token_id`:128009 for open-end generation.
Setting `pad_token_id` to `eos_token_id`:128009 for open-end generation.
Setting `pad_token_id` to `eos_token_id`:128009 for open-end generation.
Setting `pad_token_id` to `eos_token_id`:128009 for open-end generation.
Setting `pad_token_id` to `eos_token_id`:128009 for open-end generation.
Setting `pad_token_id` to `eos_token_id`:128009 for open-end generation.
Setting `pad_token_id` to `eos_token_id`:128009 for open-end generation.
Setting `pad_token_id` to `eos_token_id`:128009 for open-end generation.
Setting `pad_token_id` to `eos_token_id`:128009 for open-end generation.
Setting `pad_token_id` to `eos_token_id`:128009 for open-end generation.
Setting `pad_token_id` to `eos_token_id`:128009 for open-end generation.
Setting `pad_token_id` to `eos_token_id`:128009 for open-end generation.
Setting `pad_token_id` to `eos_token_id`:128009 for open-end generation.
Setting `pad_token_id` to `eos_token_id`:128009 for open-end generation.
Setting `pad_token_id` to `eos_token_id`:128009 for open-end generation.
Setting `pad_token_id` to `eos_token_id`:128009 for open-end generation.
Setting `pad_token_id` to `eos_token_id`:128009 for open-end generation.
Setting `pad_token_id` to `eos_token_id`:128009 for open-end generation.
Setting `pad_token_id` to `eos_token_id`:128009 for open-end generation.
Setting `pad_token_id` to `eos_token_id`:128009 for open-end generation.
Setting `pad_token_id` to `eos_token_id`:128009 for open-end generation.
Setting `pad_token_id` to `eos_token_id`:128009 for open-end generation.
Setting `pad_token_id` to `eos_token_id`:128009 for open-end generation.
Setting `pad_token_id` to `eos_token_id`:128009 for open-end generation.
Setting `pad_token_id` to `eos_token_id`:128009 for open-end generation.
Setting `pad_token_id` to `eos_token_id`:128009 for open-end generation.
Setting `pad_token_id` to `eos_token_id`:128009 for open-end generation.
Setting `pad_token_id` to `eos_token_id`:128009 for open-end generation.
Setting `pad_token_id` to `eos_token_id`:128009 for open-end generation.
Setting `pad_token_id` to `eos_token_id`:128009 for open-end generation.
Setting `pad_token_id` to `eos_token_id`:128009 for open-end generation.
Setting `pad_token_id` to `eos_token_id`:128009 for open-end generation.
Setting `pad_token_id` to `eos_token_id`:128009 for open-end generation.
Setting `pad_token_id` to `eos_token_id`:128009 for open-end generation.
Setting `pad_token_id` to `eos_token_id`:128009 for open-end generation.
Setting `pad_token_id` to `eos_token_id`:128009 for open-end generation.
Setting `pad_token_id` to `eos_token_id`:128009 for open-end generation.
Setting `pad_token_id` to `eos_token_id`:128009 for open-end generation.
Setting `pad_token_id` to `eos_token_id`:128009 for open-end generation.
Setting `pad_token_id` to `eos_token_id`:128009 for open-end generation.
Setting `pad_token_id` to `eos_token_id`:128009 for open-end generation.
Setting `pad_token_id` to `eos_token_id`:128009 for open-end generation.
Setting `pad_token_id` to `eos_token_id`:128009 for open-end generation.
Setting `pad_token_id` to `eos_token_id`:128009 for open-end generation.
Setting `pad_token_id` to `eos_token_id`:128009 for open-end generation.
Setting `pad_token_id` to `eos_token_id`:128009 for open-end generation.
Setting `pad_token_id` to `eos_token_id`:128009 for open-end generation.
Setting `pad_token_id` to `eos_token_id`:128009 for open-end generation.
Setting `pad_token_id` to `eos_token_id`:128009 for open-end generation.
Setting `pad_token_id` to `eos_token_id`:128009 for open-end generation.
Setting `pad_token_id` to `eos_token_id`:128009 for open-end generation.
Setting `pad_token_id` to `eos_token_id`:128009 for open-end generation.
Setting `pad_token_id` to `eos_token_id`:128009 for open-end generation.
Setting `pad_token_id` to `eos_token_id`:128009 for open-end generation.
Setting `pad_token_id` to `eos_token_id`:128009 for open-end generation.
Setting `pad_token_id` to `eos_token_id`:128009 for open-end generation.
Setting `pad_token_id` to `eos_token_id`:128009 for open-end generation.
Setting `pad_token_id` to `eos_token_id`:128009 for open-end generation.
Setting `pad_token_id` to `eos_token_id`:128009 for open-end generation.
Setting `pad_token_id` to `eos_token_id`:128009 for open-end generation.
Setting `pad_token_id` to `eos_token_id`:128009 for open-end generation.
Setting `pad_token_id` to `eos_token_id`:128009 for open-end generation.
Setting `pad_token_id` to `eos_token_id`:128009 for open-end generation.
Setting `pad_token_id` to `eos_token_id`:128009 for open-end generation.
Setting `pad_token_id` to `eos_token_id`:128009 for open-end generation.
Setting `pad_token_id` to `eos_token_id`:128009 for open-end generation.
Setting `pad_token_id` to `eos_token_id`:128009 for open-end generation.
Setting `pad_token_id` to `eos_token_id`:128009 for open-end generation.
Setting `pad_token_id` to `eos_token_id`:128009 for open-end generation.
Setting `pad_token_id` to `eos_token_id`:128009 for open-end generation.
Setting `pad_token_id` to `eos_token_id`:128009 for open-end generation.
Setting `pad_token_id` to `eos_token_id`:128009 for open-end generation.
Setting `pad_token_id` to `eos_token_id`:128009 for open-end generation.
Setting `pad_token_id` to `eos_token_id`:128009 for open-end generation.
Setting `pad_token_id` to `eos_token_id`:128009 for open-end generation.
Setting `pad_token_id` to `eos_token_id`:128009 for open-end generation.
Setting `pad_token_id` to `eos_token_id`:128009 for open-end generation.
Setting `pad_token_id` to `eos_token_id`:128009 for open-end generation.
Setting `pad_token_id` to `eos_token_id`:128009 for open-end generation.
Setting `pad_token_id` to `eos_token_id`:128009 for open-end generation.
Setting `pad_token_id` to `eos_token_id`:128009 for open-end generation.
Setting `pad_token_id` to `eos_token_id`:128009 for open-end generation.
Setting `pad_token_id` to `eos_token_id`:128009 for open-end generation.
Setting `pad_token_id` to `eos_token_id`:128009 for open-end generation.
Setting `pad_token_id` to `eos_token_id`:128009 for open-end generation.
Setting `pad_token_id` to `eos_token_id`:128009 for open-end generation.
Setting `pad_token_id` to `eos_token_id`:128009 for open-end generation.
Setting `pad_token_id` to `eos_token_id`:128009 for open-end generation.
Setting `pad_token_id` to `eos_token_id`:128009 for open-end generation.
Setting `pad_token_id` to `eos_token_id`:128009 for open-end generation.
Setting `pad_token_id` to `eos_token_id`:128009 for open-end generation.
Setting `pad_token_id` to `eos_token_id`:128009 for open-end generation.
Setting `pad_token_id` to `eos_token_id`:128009 for open-end generation.
Setting `pad_token_id` to `eos_token_id`:128009 for open-end generation.
Setting `pad_token_id` to `eos_token_id`:128009 for open-end generation.
Setting `pad_token_id` to `eos_token_id`:128009 for open-end generation.
Setting `pad_token_id` to `eos_token_id`:128009 for open-end generation.
Setting `pad_token_id` to `eos_token_id`:128009 for open-end generation.
Setting `pad_token_id` to `eos_token_id`:128009 for open-end generation.
Setting `pad_token_id` to `eos_token_id`:128009 for open-end generation.
Setting `pad_token_id` to `eos_token_id`:128009 for open-end generation.
Setting `pad_token_id` to `eos_token_id`:128009 for open-end generation.
Setting `pad_token_id` to `eos_token_id`:128009 for open-end generation.
Setting `pad_token_id` to `eos_token_id`:128009 for open-end generation.
Setting `pad_token_id` to `eos_token_id`:128009 for open-end generation.
Setting `pad_token_id` to `eos_token_id`:128009 for open-end generation.
Setting `pad_token_id` to `eos_token_id`:128009 for open-end generation.
Setting `pad_token_id` to `eos_token_id`:128009 for open-end generation.
Setting `pad_token_id` to `eos_token_id`:128009 for open-end generation.
Setting `pad_token_id` to `eos_token_id`:128009 for open-end generation.
Setting `pad_token_id` to `eos_token_id`:128009 for open-end generation.
Setting `pad_token_id` to `eos_token_id`:128009 for open-end generation.
Setting `pad_token_id` to `eos_token_id`:128009 for open-end generation.
Setting `pad_token_id` to `eos_token_id`:128009 for open-end generation.
Setting `pad_token_id` to `eos_token_id`:128009 for open-end generation.
Setting `pad_token_id` to `eos_token_id`:128009 for open-end generation.
Setting `pad_token_id` to `eos_token_id`:128009 for open-end generation.
Setting `pad_token_id` to `eos_token_id`:128009 for open-end generation.
Setting `pad_token_id` to `eos_token_id`:128009 for open-end generation.
Setting `pad_token_id` to `eos_token_id`:128009 for open-end generation.
Setting `pad_token_id` to `eos_token_id`:128009 for open-end generation.
Setting `pad_token_id` to `eos_token_id`:128009 for open-end generation.
Setting `pad_token_id` to `eos_token_id`:128009 for open-end generation.
Setting `pad_token_id` to `eos_token_id`:128009 for open-end generation.
Setting `pad_token_id` to `eos_token_id`:128009 for open-end generation.
Setting `pad_token_id` to `eos_token_id`:128009 for open-end generation.
Setting `pad_token_id` to `eos_token_id`:128009 for open-end generation.
Setting `pad_token_id` to `eos_token_id`:128009 for open-end generation.
Setting `pad_token_id` to `eos_token_id`:128009 for open-end generation.
Setting `pad_token_id` to `eos_token_id`:128009 for open-end generation.
Setting `pad_token_id` to `eos_token_id`:128009 for open-end generation.
Setting `pad_token_id` to `eos_token_id`:128009 for open-end generation.
Setting `pad_token_id` to `eos_token_id`:128009 for open-end generation.
Setting `pad_token_id` to `eos_token_id`:128009 for open-end generation.
Setting `pad_token_id` to `eos_token_id`:128009 for open-end generation.
Setting `pad_token_id` to `eos_token_id`:128009 for open-end generation.
Setting `pad_token_id` to `eos_token_id`:128009 for open-end generation.
Setting `pad_token_id` to `eos_token_id`:128009 for open-end generation.
Setting `pad_token_id` to `eos_token_id`:128009 for open-end generation.
Setting `pad_token_id` to `eos_token_id`:128009 for open-end generation.
Setting `pad_token_id` to `eos_token_id`:128009 for open-end generation.
Setting `pad_token_id` to `eos_token_id`:128009 for open-end generation.
Setting `pad_token_id` to `eos_token_id`:128009 for open-end generation.
Setting `pad_token_id` to `eos_token_id`:128009 for open-end generation.
Setting `pad_token_id` to `eos_token_id`:128009 for open-end generation.
Setting `pad_token_id` to `eos_token_id`:128009 for open-end generation.
Setting `pad_token_id` to `eos_token_id`:128009 for open-end generation.
Setting `pad_token_id` to `eos_token_id`:128009 for open-end generation.
Setting `pad_token_id` to `eos_token_id`:128009 for open-end generation.
Setting `pad_token_id` to `eos_token_id`:128009 for open-end generation.
Setting `pad_token_id` to `eos_token_id`:128009 for open-end generation.
Setting `pad_token_id` to `eos_token_id`:128009 for open-end generation.
Setting `pad_token_id` to `eos_token_id`:128009 for open-end generation.
Setting `pad_token_id` to `eos_token_id`:128009 for open-end generation.
Setting `pad_token_id` to `eos_token_id`:128009 for open-end generation.
Setting `pad_token_id` to `eos_token_id`:128009 for open-end generation.
Setting `pad_token_id` to `eos_token_id`:128009 for open-end generation.
Setting `pad_token_id` to `eos_token_id`:128009 for open-end generation.
Setting `pad_token_id` to `eos_token_id`:128009 for open-end generation.
Setting `pad_token_id` to `eos_token_id`:128009 for open-end generation.
Setting `pad_token_id` to `eos_token_id`:128009 for open-end generation.
Setting `pad_token_id` to `eos_token_id`:128009 for open-end generation.
Setting `pad_token_id` to `eos_token_id`:128009 for open-end generation.
Setting `pad_token_id` to `eos_token_id`:128009 for open-end generation.
Setting `pad_token_id` to `eos_token_id`:128009 for open-end generation.
Setting `pad_token_id` to `eos_token_id`:128009 for open-end generation.
Setting `pad_token_id` to `eos_token_id`:128009 for open-end generation.
Setting `pad_token_id` to `eos_token_id`:128009 for open-end generation.
Setting `pad_token_id` to `eos_token_id`:128009 for open-end generation.
Setting `pad_token_id` to `eos_token_id`:128009 for open-end generation.
Setting `pad_token_id` to `eos_token_id`:128009 for open-end generation.
Setting `pad_token_id` to `eos_token_id`:128009 for open-end generation.
Setting `pad_token_id` to `eos_token_id`:128009 for open-end generation.
Setting `pad_token_id` to `eos_token_id`:128009 for open-end generation.
Setting `pad_token_id` to `eos_token_id`:128009 for open-end generation.
Setting `pad_token_id` to `eos_token_id`:128009 for open-end generation.
Setting `pad_token_id` to `eos_token_id`:128009 for open-end generation.
Setting `pad_token_id` to `eos_token_id`:128009 for open-end generation.
