/usr/lib64/python3.9/site-packages/scipy/__init__.py:138: UserWarning: A NumPy version >=1.16.5 and <1.23.0 is required for this version of SciPy (detected version 1.26.4)
  warnings.warn(f"A NumPy version >={np_minversion} and <{np_maxversion} is required for this version of "
2024-07-19 11:24:40.225961: I tensorflow/core/platform/cpu_feature_guard.cc:210] This TensorFlow binary is optimized to use available CPU instructions in performance-critical operations.
To enable the following instructions: AVX2 FMA, in other operations, rebuild TensorFlow with the appropriate compiler flags.
2024-07-19 11:24:41.980089: W tensorflow/compiler/tf2tensorrt/utils/py_utils.cc:38] TF-TRT Warning: Could not find TensorRT
Loading checkpoint shards:   0%|          | 0/6 [00:00<?, ?it/s]Loading checkpoint shards:  17%|█▋        | 1/6 [00:15<01:18, 15.71s/it]Loading checkpoint shards:  33%|███▎      | 2/6 [00:31<01:02, 15.60s/it]Loading checkpoint shards:  50%|█████     | 3/6 [00:47<00:47, 15.79s/it]Loading checkpoint shards:  67%|██████▋   | 4/6 [01:02<00:31, 15.73s/it]Loading checkpoint shards:  83%|████████▎ | 5/6 [01:20<00:16, 16.24s/it]Loading checkpoint shards: 100%|██████████| 6/6 [01:30<00:00, 14.21s/it]Loading checkpoint shards: 100%|██████████| 6/6 [01:30<00:00, 15.05s/it]
Special tokens have been added in the vocabulary, make sure the associated word embeddings are fine-tuned or trained.
Unsloth: Dropout = 0 is supported for fast patching. You are using dropout = 0.05.
Unsloth will patch all other layers, except LoRA matrices, causing a performance hit.
Unsloth 2024.6 patched 80 layers with 0 QKV layers, 0 O layers and 0 MLP layers.
==((====))==  Unsloth - 2x faster free finetuning | Num GPUs = 1
   \\   /|    Num examples = 224 | Num Epochs = 10
O^O/ \_/ \    Batch size per device = 2 | Gradient Accumulation steps = 8
\        /    Total batch size = 16 | Total steps = 140
 "-____-"     Number of trainable parameters = 6,627,000,320
  0%|          | 0/140 [00:00<?, ?it/s]Traceback (most recent call last):
  File "/work/eauten2s/ec_criteria_struct/lct/models/finetuning/finetune_llama3_70b_p1.py", line 135, in <module>
    trainer_stats = trainer.train()
  File "<string>", line 123, in train
  File "<string>", line 365, in _fast_inner_training_loop
  File "/home/eauten2s/.local/lib/python3.9/site-packages/transformers/trainer.py", line 2911, in training_step
    self.accelerator.backward(loss)
  File "/home/eauten2s/.local/lib/python3.9/site-packages/accelerate/accelerator.py", line 2125, in backward
    loss.backward(**kwargs)
  File "/home/eauten2s/.local/lib/python3.9/site-packages/torch/_tensor.py", line 525, in backward
    torch.autograd.backward(
  File "/home/eauten2s/.local/lib/python3.9/site-packages/torch/autograd/__init__.py", line 267, in backward
    _engine_run_backward(
  File "/home/eauten2s/.local/lib/python3.9/site-packages/torch/autograd/graph.py", line 744, in _engine_run_backward
    return Variable._execution_engine.run_backward(  # Calls into the C++ engine to run the backward pass
  File "/home/eauten2s/.local/lib/python3.9/site-packages/torch/autograd/function.py", line 301, in apply
    return user_fn(self, *args)
  File "/home/eauten2s/.local/lib/python3.9/site-packages/torch/cuda/amp/autocast_mode.py", line 142, in decorate_bwd
    return bwd(*args, **kwargs)
  File "/home/eauten2s/.local/lib/python3.9/site-packages/unsloth/models/_utils.py", line 405, in backward
    torch.autograd.backward(output, dY)
  File "/home/eauten2s/.local/lib/python3.9/site-packages/torch/autograd/__init__.py", line 267, in backward
    _engine_run_backward(
  File "/home/eauten2s/.local/lib/python3.9/site-packages/torch/autograd/graph.py", line 744, in _engine_run_backward
    return Variable._execution_engine.run_backward(  # Calls into the C++ engine to run the backward pass
  File "/home/eauten2s/.local/lib/python3.9/site-packages/torch/autograd/function.py", line 301, in apply
    return user_fn(self, *args)
  File "/home/eauten2s/.local/lib/python3.9/site-packages/bitsandbytes/autograd/_functions.py", line 540, in backward
    grad_A = torch.matmul(grad_output, F.dequantize_4bit(B, ctx.state).to(grad_output.dtype).t())
  File "/home/eauten2s/.local/lib/python3.9/site-packages/bitsandbytes/functional.py", line 1349, in dequantize_4bit
    out = torch.empty(quant_state.shape, dtype=quant_state.dtype, device=A.device)
torch.cuda.OutOfMemoryError: CUDA out of memory. Tried to allocate 448.00 MiB. GPU 
  0%|          | 0/140 [00:09<?, ?it/s]
