/home/eauten2s/.local/lib/python3.9/site-packages/unsloth/__init__.py:37: UserWarning: Unsloth: 'CUDA_VISIBLE_DEVICES' is currently 0,1,2,3 
Multiple CUDA devices detected but we require a single device.
We will override CUDA_VISIBLE_DEVICES to first device: 0.
  warnings.warn(
/usr/lib64/python3.9/site-packages/scipy/__init__.py:138: UserWarning: A NumPy version >=1.16.5 and <1.23.0 is required for this version of SciPy (detected version 1.26.4)
  warnings.warn(f"A NumPy version >={np_minversion} and <{np_maxversion} is required for this version of "
2024-06-24 18:31:25.369848: I tensorflow/core/platform/cpu_feature_guard.cc:210] This TensorFlow binary is optimized to use available CPU instructions in performance-critical operations.
To enable the following instructions: AVX2 FMA, in other operations, rebuild TensorFlow with the appropriate compiler flags.
2024-06-24 18:31:26.471800: W tensorflow/compiler/tf2tensorrt/utils/py_utils.cc:38] TF-TRT Warning: Could not find TensorRT
Loading checkpoint shards:   0%|          | 0/6 [00:00<?, ?it/s]Loading checkpoint shards:  17%|█▋        | 1/6 [00:15<01:18, 15.77s/it]Loading checkpoint shards:  33%|███▎      | 2/6 [00:30<01:01, 15.44s/it]Loading checkpoint shards:  50%|█████     | 3/6 [00:46<00:45, 15.26s/it]Loading checkpoint shards:  67%|██████▋   | 4/6 [01:01<00:30, 15.34s/it]Loading checkpoint shards:  83%|████████▎ | 5/6 [01:17<00:15, 15.53s/it]Loading checkpoint shards: 100%|██████████| 6/6 [01:27<00:00, 13.72s/it]Loading checkpoint shards: 100%|██████████| 6/6 [01:27<00:00, 14.60s/it]
Special tokens have been added in the vocabulary, make sure the associated word embeddings are fine-tuned or trained.
Unsloth 2024.6 patched 80 layers with 80 QKV layers, 80 O layers and 80 MLP layers.
/home/eauten2s/.local/lib/python3.9/site-packages/transformers/training_args.py:1474: FutureWarning: `evaluation_strategy` is deprecated and will be removed in version 4.46 of 🤗 Transformers. Use `eval_strategy` instead
  warnings.warn(
==((====))==  Unsloth - 2x faster free finetuning | Num GPUs = 1
   \\   /|    Num examples = 804 | Num Epochs = 20
O^O/ \_/ \    Batch size per device = 4 | Gradient Accumulation steps = 4
\        /    Total batch size = 16 | Total steps = 1,000
 "-____-"     Number of trainable parameters = 1,656,750,080
  0%|          | 0/1000 [00:00<?, ?it/s]  0%|          | 1/1000 [00:29<8:16:47, 29.84s/it]