/home/eauten2s/.local/lib/python3.9/site-packages/unsloth/__init__.py:37: UserWarning: Unsloth: 'CUDA_VISIBLE_DEVICES' is currently 0,1,2,3 
Multiple CUDA devices detected but we require a single device.
We will override CUDA_VISIBLE_DEVICES to first device: 0.
  warnings.warn(
/usr/lib64/python3.9/site-packages/scipy/__init__.py:138: UserWarning: A NumPy version >=1.16.5 and <1.23.0 is required for this version of SciPy (detected version 1.26.4)
  warnings.warn(f"A NumPy version >={np_minversion} and <{np_maxversion} is required for this version of "
2024-07-10 12:50:22.244041: I tensorflow/core/platform/cpu_feature_guard.cc:210] This TensorFlow binary is optimized to use available CPU instructions in performance-critical operations.
To enable the following instructions: AVX2 FMA, in other operations, rebuild TensorFlow with the appropriate compiler flags.
2024-07-10 12:50:23.337315: W tensorflow/compiler/tf2tensorrt/utils/py_utils.cc:38] TF-TRT Warning: Could not find TensorRT
Loading checkpoint shards:   0%|          | 0/6 [00:00<?, ?it/s]Loading checkpoint shards:  17%|█▋        | 1/6 [00:01<00:06,  1.26s/it]Loading checkpoint shards:  33%|███▎      | 2/6 [00:02<00:05,  1.27s/it]Loading checkpoint shards:  50%|█████     | 3/6 [00:03<00:03,  1.29s/it]Loading checkpoint shards:  67%|██████▋   | 4/6 [00:05<00:02,  1.31s/it]Loading checkpoint shards:  83%|████████▎ | 5/6 [00:06<00:01,  1.33s/it]Loading checkpoint shards: 100%|██████████| 6/6 [00:07<00:00,  1.20s/it]Loading checkpoint shards: 100%|██████████| 6/6 [00:07<00:00,  1.25s/it]
Special tokens have been added in the vocabulary, make sure the associated word embeddings are fine-tuned or trained.
Unsloth: Dropout = 0 is supported for fast patching. You are using dropout = 0.05.
Unsloth will patch all other layers, except LoRA matrices, causing a performance hit.
Unsloth 2024.6 patched 80 layers with 0 QKV layers, 0 O layers and 0 MLP layers.
==((====))==  Unsloth - 2x faster free finetuning | Num GPUs = 1
   \\   /|    Num examples = 224 | Num Epochs = 30
O^O/ \_/ \    Batch size per device = 4 | Gradient Accumulation steps = 4
\        /    Total batch size = 16 | Total steps = 420
 "-____-"     Number of trainable parameters = 1,656,750,080
  0%|          | 0/420 [00:00<?, ?it/s]  0%|          | 1/420 [01:11<8:22:46, 72.00s/it]  0%|          | 2/420 [02:22<8:16:15, 71.23s/it]  1%|          | 3/420 [03:33<8:13:48, 71.05s/it]  1%|          | 4/420 [04:44<8:12:04, 70.97s/it]  1%|          | 5/420 [05:55<8:10:28, 70.91s/it]  1%|▏         | 6/420 [07:05<8:09:02, 70.87s/it]  2%|▏         | 7/420 [08:16<8:07:40, 70.85s/it]