/home/eauten2s/.local/lib/python3.9/site-packages/unsloth/__init__.py:37: UserWarning: Unsloth: 'CUDA_VISIBLE_DEVICES' is currently 0,1,2,3 
Multiple CUDA devices detected but we require a single device.
We will override CUDA_VISIBLE_DEVICES to first device: 0.
  warnings.warn(
/usr/lib64/python3.9/site-packages/scipy/__init__.py:138: UserWarning: A NumPy version >=1.16.5 and <1.23.0 is required for this version of SciPy (detected version 1.26.4)
  warnings.warn(f"A NumPy version >={np_minversion} and <{np_maxversion} is required for this version of "
2024-06-26 11:19:22.120621: I tensorflow/core/platform/cpu_feature_guard.cc:210] This TensorFlow binary is optimized to use available CPU instructions in performance-critical operations.
To enable the following instructions: AVX2 FMA, in other operations, rebuild TensorFlow with the appropriate compiler flags.
2024-06-26 11:19:23.992047: W tensorflow/compiler/tf2tensorrt/utils/py_utils.cc:38] TF-TRT Warning: Could not find TensorRT
Loading checkpoint shards:   0%|          | 0/6 [00:00<?, ?it/s]Loading checkpoint shards:  17%|█▋        | 1/6 [00:18<01:30, 18.07s/it]Loading checkpoint shards:  33%|███▎      | 2/6 [00:35<01:11, 17.86s/it]Loading checkpoint shards:  50%|█████     | 3/6 [00:53<00:53, 17.70s/it]Loading checkpoint shards:  67%|██████▋   | 4/6 [01:10<00:35, 17.52s/it]Loading checkpoint shards:  83%|████████▎ | 5/6 [01:27<00:17, 17.43s/it]Loading checkpoint shards: 100%|██████████| 6/6 [01:39<00:00, 15.34s/it]Loading checkpoint shards: 100%|██████████| 6/6 [01:39<00:00, 16.51s/it]
Special tokens have been added in the vocabulary, make sure the associated word embeddings are fine-tuned or trained.
Unsloth 2024.6 patched 80 layers with 80 QKV layers, 80 O layers and 80 MLP layers.
Traceback (most recent call last):
  File "/work/eauten2s/ec_criteria_struct/lct/models/finetuning/finetune_llama3_p1.py", line 84, in <module>
    train_test_split = dataset['train'].train_test_split(test_size=0.1, seed=42)
  File "/home/eauten2s/.local/lib/python3.9/site-packages/datasets/arrow_dataset.py", line 2866, in __getitem__
    return self._getitem(key)
  File "/home/eauten2s/.local/lib/python3.9/site-packages/datasets/arrow_dataset.py", line 2850, in _getitem
    pa_subtable = query_table(self._data, key, indices=self._indices)
  File "/home/eauten2s/.local/lib/python3.9/site-packages/datasets/formatting/formatting.py", line 584, in query_table
    _check_valid_column_key(key, table.column_names)
  File "/home/eauten2s/.local/lib/python3.9/site-packages/datasets/formatting/formatting.py", line 521, in _check_valid_column_key
    raise KeyError(f"Column {key} not in the dataset. Current columns in the dataset: {columns}")
KeyError: "Column train not in the dataset. Current columns in the dataset: ['input', 'output', 'instruction']"
