/home/eauten2s/.local/lib/python3.9/site-packages/unsloth/__init__.py:37: UserWarning: Unsloth: 'CUDA_VISIBLE_DEVICES' is currently 0,1,2,3 
Multiple CUDA devices detected but we require a single device.
We will override CUDA_VISIBLE_DEVICES to first device: 0.
  warnings.warn(
/usr/lib64/python3.9/site-packages/scipy/__init__.py:138: UserWarning: A NumPy version >=1.16.5 and <1.23.0 is required for this version of SciPy (detected version 1.26.4)
  warnings.warn(f"A NumPy version >={np_minversion} and <{np_maxversion} is required for this version of "
2024-07-10 12:45:53.294104: I tensorflow/core/platform/cpu_feature_guard.cc:210] This TensorFlow binary is optimized to use available CPU instructions in performance-critical operations.
To enable the following instructions: AVX2 FMA, in other operations, rebuild TensorFlow with the appropriate compiler flags.
2024-07-10 12:45:54.455978: W tensorflow/compiler/tf2tensorrt/utils/py_utils.cc:38] TF-TRT Warning: Could not find TensorRT
Loading checkpoint shards:   0%|          | 0/6 [00:00<?, ?it/s]Loading checkpoint shards:  17%|█▋        | 1/6 [00:01<00:06,  1.27s/it]Loading checkpoint shards:  33%|███▎      | 2/6 [00:02<00:05,  1.28s/it]Loading checkpoint shards:  50%|█████     | 3/6 [00:03<00:03,  1.29s/it]Loading checkpoint shards:  67%|██████▋   | 4/6 [00:05<00:02,  1.29s/it]Loading checkpoint shards:  83%|████████▎ | 5/6 [00:06<00:01,  1.37s/it]Loading checkpoint shards: 100%|██████████| 6/6 [00:07<00:00,  1.21s/it]Loading checkpoint shards: 100%|██████████| 6/6 [00:07<00:00,  1.26s/it]
Special tokens have been added in the vocabulary, make sure the associated word embeddings are fine-tuned or trained.
Unsloth: Dropout = 0 is supported for fast patching. You are using dropout = 0.05.
Unsloth will patch all other layers, except LoRA matrices, causing a performance hit.
Unsloth 2024.6 patched 80 layers with 0 QKV layers, 0 O layers and 0 MLP layers.
Traceback (most recent call last):
  File "/work/eauten2s/ec_criteria_struct/lct/models/finetuning/finetune_llama3_p1.py", line 124, in <module>
    args = TrainingArguments(
  File "<string>", line 123, in __init__
  File "/home/eauten2s/.local/lib/python3.9/site-packages/transformers/training_args.py", line 1423, in __post_init__
    raise ValueError(
ValueError: --load_best_model_at_end requires the save and eval strategy to match, but found
- Evaluation strategy: steps
- Save strategy: epoch
