slurmstepd: error: NVML: Failed to get usage(999): Unknown Error
slurmstepd: error: NVML: Failed to get usage(999): Unknown Error
slurmstepd: error: NVML: Failed to get usage(999): Unknown Error
slurmstepd: error: NVML: Failed to get usage(999): Unknown Error
slurmstepd: error: NVML: Failed to get usage(999): Unknown Error
slurmstepd: error: _handle_stat_jobacct: Took usec=12547287, which is more than MessageTimeout (10s). The result won't be delivered
/usr/lib64/python3.9/site-packages/scipy/__init__.py:138: UserWarning: A NumPy version >=1.16.5 and <1.23.0 is required for this version of SciPy (detected version 1.26.4)
  warnings.warn(f"A NumPy version >={np_minversion} and <{np_maxversion} is required for this version of "
2024-07-12 19:38:22.172646: I tensorflow/core/platform/cpu_feature_guard.cc:210] This TensorFlow binary is optimized to use available CPU instructions in performance-critical operations.
To enable the following instructions: AVX2 FMA, in other operations, rebuild TensorFlow with the appropriate compiler flags.
2024-07-12 19:38:23.943109: W tensorflow/compiler/tf2tensorrt/utils/py_utils.cc:38] TF-TRT Warning: Could not find TensorRT
Special tokens have been added in the vocabulary, make sure the associated word embeddings are fine-tuned or trained.
Unsloth: Dropout = 0 is supported for fast patching. You are using dropout = 0.05.
Unsloth will patch all other layers, except LoRA matrices, causing a performance hit.
slurmstepd: error: NVML: Failed to get usage(999): Unknown Error
slurmstepd: error: NVML: Failed to get usage(999): Unknown Error
slurmstepd: error: NVML: Failed to get usage(999): Unknown Error
slurmstepd: error: NVML: Failed to get usage(999): Unknown Error
slurmstepd: error: NVML: Failed to get usage(999): Unknown Error
slurmstepd: error: NVML: Failed to get usage(999): Unknown Error
slurmstepd: error: NVML: Failed to get usage(999): Unknown Error
slurmstepd: error: NVML: Failed to get usage(999): Unknown Error
slurmstepd: error: NVML: Failed to get usage(999): Unknown Error
Unsloth 2024.6 patched 32 layers with 0 QKV layers, 0 O layers and 0 MLP layers.
slurmstepd: error: NVML: Failed to get usage(999): Unknown Error
slurmstepd: error: NVML: Failed to get usage(999): Unknown Error
slurmstepd: error: NVML: Failed to get usage(999): Unknown Error
slurmstepd: error: NVML: Failed to get usage(999): Unknown Error
Traceback (most recent call last):
  File "/work/eauten2s/ec_criteria_struct/lct/models/finetuning/finetune_llama3_p1_8b.py", line 134, in <module>
    trainer_stats = trainer.train()
  File "<string>", line 36, in train
RuntimeError: Error: More than 1 GPUs have a lot of VRAM usage. Please obtain a commercial license.
slurmstepd: error: _handle_stat_jobacct: Took usec=15987863, which is more than MessageTimeout (10s). The result won't be delivered
slurmstepd: error: NVML: Failed to get usage(999): Unknown Error
