srun: error: timeout waiting for task launch, started 0 of 1 tasks
srun: StepId=208524.0 aborted before step completely launched.
srun: Job step aborted: Waiting up to 62 seconds for job step to finish.
srun: error: Timed out waiting for job step to complete
Traceback (most recent call last):
  File "/work/eauten2s/ec_criteria_struct/lct/models/405.py", line 122, in <module>
    main(rank, world_size)
  File "/work/eauten2s/ec_criteria_struct/lct/models/405.py", line 22, in main
    setup(rank, world_size)
  File "/work/eauten2s/ec_criteria_struct/lct/models/405.py", line 11, in setup
    dist.init_process_group(
  File "/home/eauten2s/.local/lib/python3.9/site-packages/torch/distributed/c10d_logger.py", line 75, in wrapper
    return func(*args, **kwargs)
  File "/home/eauten2s/.local/lib/python3.9/site-packages/torch/distributed/c10d_logger.py", line 89, in wrapper
    func_return = func(*args, **kwargs)
  File "/home/eauten2s/.local/lib/python3.9/site-packages/torch/distributed/distributed_c10d.py", line 1305, in init_process_group
    store, rank, world_size = next(rendezvous_iterator)
  File "/home/eauten2s/.local/lib/python3.9/site-packages/torch/distributed/rendezvous.py", line 197, in _tcp_rendezvous_handler
    assert result.hostname is not None
AssertionError
