2024-07-31 13:15:16.496637: I tensorflow/core/platform/cpu_feature_guard.cc:210] This TensorFlow binary is optimized to use available CPU instructions in performance-critical operations.
To enable the following instructions: AVX2 FMA, in other operations, rebuild TensorFlow with the appropriate compiler flags.
2024-07-31 13:15:18.417143: W tensorflow/compiler/tf2tensorrt/utils/py_utils.cc:38] TF-TRT Warning: Could not find TensorRT
/usr/lib64/python3.9/site-packages/scipy/__init__.py:138: UserWarning: A NumPy version >=1.16.5 and <1.23.0 is required for this version of SciPy (detected version 1.26.4)
  warnings.warn(f"A NumPy version >={np_minversion} and <{np_maxversion} is required for this version of "
/home/eauten2s/.local/lib/python3.9/site-packages/huggingface_hub/file_download.py:1132: FutureWarning: `resume_download` is deprecated and will be removed in version 1.0.0. Downloads always resume when possible. If you want to force a new download, use `force_download=True`.
  warnings.warn(
Loading checkpoint shards:   0%|          | 0/4 [00:00<?, ?it/s]Loading checkpoint shards:  25%|██▌       | 1/4 [00:11<00:33, 11.17s/it]Loading checkpoint shards:  50%|█████     | 2/4 [00:23<00:23, 11.86s/it]Loading checkpoint shards:  75%|███████▌  | 3/4 [00:36<00:12, 12.20s/it]Loading checkpoint shards: 100%|██████████| 4/4 [00:38<00:00,  8.50s/it]Loading checkpoint shards: 100%|██████████| 4/4 [00:38<00:00,  9.74s/it]
Special tokens have been added in the vocabulary, make sure the associated word embeddings are fine-tuned or trained.
Setting `pad_token_id` to `eos_token_id`:128009 for open-end generation.
Setting `pad_token_id` to `eos_token_id`:128009 for open-end generation.
Setting `pad_token_id` to `eos_token_id`:128009 for open-end generation.
Setting `pad_token_id` to `eos_token_id`:128009 for open-end generation.
Setting `pad_token_id` to `eos_token_id`:128009 for open-end generation.
Setting `pad_token_id` to `eos_token_id`:128009 for open-end generation.
Setting `pad_token_id` to `eos_token_id`:128009 for open-end generation.
Setting `pad_token_id` to `eos_token_id`:128009 for open-end generation.
Setting `pad_token_id` to `eos_token_id`:128009 for open-end generation.
Setting `pad_token_id` to `eos_token_id`:128009 for open-end generation.
/home/eauten2s/.local/lib/python3.9/site-packages/transformers/pipelines/base.py:1157: UserWarning: You seem to be using the pipelines sequentially on GPU. In order to maximize efficiency please use a dataset
  warnings.warn(
Setting `pad_token_id` to `eos_token_id`:128009 for open-end generation.
Setting `pad_token_id` to `eos_token_id`:128009 for open-end generation.
Setting `pad_token_id` to `eos_token_id`:128009 for open-end generation.
Setting `pad_token_id` to `eos_token_id`:128009 for open-end generation.
Setting `pad_token_id` to `eos_token_id`:128009 for open-end generation.
Setting `pad_token_id` to `eos_token_id`:128009 for open-end generation.
Setting `pad_token_id` to `eos_token_id`:128009 for open-end generation.
Setting `pad_token_id` to `eos_token_id`:128009 for open-end generation.
Setting `pad_token_id` to `eos_token_id`:128009 for open-end generation.
Setting `pad_token_id` to `eos_token_id`:128009 for open-end generation.
Setting `pad_token_id` to `eos_token_id`:128009 for open-end generation.
Setting `pad_token_id` to `eos_token_id`:128009 for open-end generation.
Setting `pad_token_id` to `eos_token_id`:128009 for open-end generation.
Setting `pad_token_id` to `eos_token_id`:128009 for open-end generation.
Setting `pad_token_id` to `eos_token_id`:128009 for open-end generation.
Setting `pad_token_id` to `eos_token_id`:128009 for open-end generation.
Setting `pad_token_id` to `eos_token_id`:128009 for open-end generation.
Setting `pad_token_id` to `eos_token_id`:128009 for open-end generation.
Setting `pad_token_id` to `eos_token_id`:128009 for open-end generation.
Setting `pad_token_id` to `eos_token_id`:128009 for open-end generation.
Setting `pad_token_id` to `eos_token_id`:128009 for open-end generation.
Setting `pad_token_id` to `eos_token_id`:128009 for open-end generation.
Setting `pad_token_id` to `eos_token_id`:128009 for open-end generation.
Setting `pad_token_id` to `eos_token_id`:128009 for open-end generation.
Setting `pad_token_id` to `eos_token_id`:128009 for open-end generation.
Setting `pad_token_id` to `eos_token_id`:128009 for open-end generation.
Setting `pad_token_id` to `eos_token_id`:128009 for open-end generation.
Setting `pad_token_id` to `eos_token_id`:128009 for open-end generation.
Setting `pad_token_id` to `eos_token_id`:128009 for open-end generation.
Setting `pad_token_id` to `eos_token_id`:128009 for open-end generation.
Setting `pad_token_id` to `eos_token_id`:128009 for open-end generation.
Setting `pad_token_id` to `eos_token_id`:128009 for open-end generation.
Setting `pad_token_id` to `eos_token_id`:128009 for open-end generation.
Setting `pad_token_id` to `eos_token_id`:128009 for open-end generation.
Setting `pad_token_id` to `eos_token_id`:128009 for open-end generation.
Setting `pad_token_id` to `eos_token_id`:128009 for open-end generation.
Setting `pad_token_id` to `eos_token_id`:128009 for open-end generation.
Setting `pad_token_id` to `eos_token_id`:128009 for open-end generation.
Setting `pad_token_id` to `eos_token_id`:128009 for open-end generation.
Setting `pad_token_id` to `eos_token_id`:128009 for open-end generation.
Setting `pad_token_id` to `eos_token_id`:128009 for open-end generation.
Setting `pad_token_id` to `eos_token_id`:128009 for open-end generation.
Setting `pad_token_id` to `eos_token_id`:128009 for open-end generation.
Setting `pad_token_id` to `eos_token_id`:128009 for open-end generation.
Setting `pad_token_id` to `eos_token_id`:128009 for open-end generation.
Setting `pad_token_id` to `eos_token_id`:128009 for open-end generation.
Setting `pad_token_id` to `eos_token_id`:128009 for open-end generation.
Setting `pad_token_id` to `eos_token_id`:128009 for open-end generation.
Setting `pad_token_id` to `eos_token_id`:128009 for open-end generation.
Setting `pad_token_id` to `eos_token_id`:128009 for open-end generation.
Setting `pad_token_id` to `eos_token_id`:128009 for open-end generation.
Setting `pad_token_id` to `eos_token_id`:128009 for open-end generation.
Setting `pad_token_id` to `eos_token_id`:128009 for open-end generation.
Setting `pad_token_id` to `eos_token_id`:128009 for open-end generation.
Setting `pad_token_id` to `eos_token_id`:128009 for open-end generation.
Setting `pad_token_id` to `eos_token_id`:128009 for open-end generation.
Setting `pad_token_id` to `eos_token_id`:128009 for open-end generation.
Setting `pad_token_id` to `eos_token_id`:128009 for open-end generation.
Setting `pad_token_id` to `eos_token_id`:128009 for open-end generation.
Setting `pad_token_id` to `eos_token_id`:128009 for open-end generation.
Setting `pad_token_id` to `eos_token_id`:128009 for open-end generation.
Setting `pad_token_id` to `eos_token_id`:128009 for open-end generation.
Setting `pad_token_id` to `eos_token_id`:128009 for open-end generation.
Setting `pad_token_id` to `eos_token_id`:128009 for open-end generation.
Setting `pad_token_id` to `eos_token_id`:128009 for open-end generation.
Setting `pad_token_id` to `eos_token_id`:128009 for open-end generation.
Setting `pad_token_id` to `eos_token_id`:128009 for open-end generation.
Setting `pad_token_id` to `eos_token_id`:128009 for open-end generation.
Setting `pad_token_id` to `eos_token_id`:128009 for open-end generation.
Setting `pad_token_id` to `eos_token_id`:128009 for open-end generation.
Setting `pad_token_id` to `eos_token_id`:128009 for open-end generation.
Setting `pad_token_id` to `eos_token_id`:128009 for open-end generation.
Setting `pad_token_id` to `eos_token_id`:128009 for open-end generation.
Setting `pad_token_id` to `eos_token_id`:128009 for open-end generation.
Setting `pad_token_id` to `eos_token_id`:128009 for open-end generation.
Setting `pad_token_id` to `eos_token_id`:128009 for open-end generation.
Setting `pad_token_id` to `eos_token_id`:128009 for open-end generation.
Setting `pad_token_id` to `eos_token_id`:128009 for open-end generation.
Setting `pad_token_id` to `eos_token_id`:128009 for open-end generation.
Setting `pad_token_id` to `eos_token_id`:128009 for open-end generation.
Setting `pad_token_id` to `eos_token_id`:128009 for open-end generation.
Setting `pad_token_id` to `eos_token_id`:128009 for open-end generation.
Setting `pad_token_id` to `eos_token_id`:128009 for open-end generation.
Setting `pad_token_id` to `eos_token_id`:128009 for open-end generation.
Setting `pad_token_id` to `eos_token_id`:128009 for open-end generation.
Setting `pad_token_id` to `eos_token_id`:128009 for open-end generation.
Setting `pad_token_id` to `eos_token_id`:128009 for open-end generation.
Setting `pad_token_id` to `eos_token_id`:128009 for open-end generation.
Setting `pad_token_id` to `eos_token_id`:128009 for open-end generation.
Setting `pad_token_id` to `eos_token_id`:128009 for open-end generation.
Setting `pad_token_id` to `eos_token_id`:128009 for open-end generation.
Setting `pad_token_id` to `eos_token_id`:128009 for open-end generation.
Setting `pad_token_id` to `eos_token_id`:128009 for open-end generation.
Setting `pad_token_id` to `eos_token_id`:128009 for open-end generation.
Setting `pad_token_id` to `eos_token_id`:128009 for open-end generation.
Setting `pad_token_id` to `eos_token_id`:128009 for open-end generation.
Setting `pad_token_id` to `eos_token_id`:128009 for open-end generation.
Setting `pad_token_id` to `eos_token_id`:128009 for open-end generation.
Setting `pad_token_id` to `eos_token_id`:128009 for open-end generation.
Setting `pad_token_id` to `eos_token_id`:128009 for open-end generation.
Setting `pad_token_id` to `eos_token_id`:128009 for open-end generation.
Setting `pad_token_id` to `eos_token_id`:128009 for open-end generation.
Setting `pad_token_id` to `eos_token_id`:128009 for open-end generation.
Setting `pad_token_id` to `eos_token_id`:128009 for open-end generation.
Setting `pad_token_id` to `eos_token_id`:128009 for open-end generation.
Setting `pad_token_id` to `eos_token_id`:128009 for open-end generation.
Setting `pad_token_id` to `eos_token_id`:128009 for open-end generation.
Setting `pad_token_id` to `eos_token_id`:128009 for open-end generation.
Setting `pad_token_id` to `eos_token_id`:128009 for open-end generation.
Setting `pad_token_id` to `eos_token_id`:128009 for open-end generation.
Setting `pad_token_id` to `eos_token_id`:128009 for open-end generation.
Setting `pad_token_id` to `eos_token_id`:128009 for open-end generation.
Setting `pad_token_id` to `eos_token_id`:128009 for open-end generation.
Setting `pad_token_id` to `eos_token_id`:128009 for open-end generation.
Setting `pad_token_id` to `eos_token_id`:128009 for open-end generation.
Setting `pad_token_id` to `eos_token_id`:128009 for open-end generation.
Setting `pad_token_id` to `eos_token_id`:128009 for open-end generation.
Setting `pad_token_id` to `eos_token_id`:128009 for open-end generation.
Setting `pad_token_id` to `eos_token_id`:128009 for open-end generation.
Setting `pad_token_id` to `eos_token_id`:128009 for open-end generation.
Setting `pad_token_id` to `eos_token_id`:128009 for open-end generation.
Setting `pad_token_id` to `eos_token_id`:128009 for open-end generation.
Setting `pad_token_id` to `eos_token_id`:128009 for open-end generation.
Setting `pad_token_id` to `eos_token_id`:128009 for open-end generation.
Setting `pad_token_id` to `eos_token_id`:128009 for open-end generation.
Setting `pad_token_id` to `eos_token_id`:128009 for open-end generation.
Setting `pad_token_id` to `eos_token_id`:128009 for open-end generation.
Setting `pad_token_id` to `eos_token_id`:128009 for open-end generation.
Setting `pad_token_id` to `eos_token_id`:128009 for open-end generation.
Setting `pad_token_id` to `eos_token_id`:128009 for open-end generation.
Setting `pad_token_id` to `eos_token_id`:128009 for open-end generation.
Setting `pad_token_id` to `eos_token_id`:128009 for open-end generation.
Setting `pad_token_id` to `eos_token_id`:128009 for open-end generation.
Setting `pad_token_id` to `eos_token_id`:128009 for open-end generation.
Setting `pad_token_id` to `eos_token_id`:128009 for open-end generation.
Setting `pad_token_id` to `eos_token_id`:128009 for open-end generation.
Setting `pad_token_id` to `eos_token_id`:128009 for open-end generation.
Setting `pad_token_id` to `eos_token_id`:128009 for open-end generation.
Setting `pad_token_id` to `eos_token_id`:128009 for open-end generation.
Setting `pad_token_id` to `eos_token_id`:128009 for open-end generation.
Setting `pad_token_id` to `eos_token_id`:128009 for open-end generation.
Setting `pad_token_id` to `eos_token_id`:128009 for open-end generation.
Setting `pad_token_id` to `eos_token_id`:128009 for open-end generation.
Setting `pad_token_id` to `eos_token_id`:128009 for open-end generation.
Setting `pad_token_id` to `eos_token_id`:128009 for open-end generation.
Setting `pad_token_id` to `eos_token_id`:128009 for open-end generation.
Setting `pad_token_id` to `eos_token_id`:128009 for open-end generation.
Setting `pad_token_id` to `eos_token_id`:128009 for open-end generation.
Setting `pad_token_id` to `eos_token_id`:128009 for open-end generation.
Setting `pad_token_id` to `eos_token_id`:128009 for open-end generation.
Setting `pad_token_id` to `eos_token_id`:128009 for open-end generation.
Setting `pad_token_id` to `eos_token_id`:128009 for open-end generation.
Setting `pad_token_id` to `eos_token_id`:128009 for open-end generation.
Setting `pad_token_id` to `eos_token_id`:128009 for open-end generation.
Setting `pad_token_id` to `eos_token_id`:128009 for open-end generation.
Setting `pad_token_id` to `eos_token_id`:128009 for open-end generation.
Setting `pad_token_id` to `eos_token_id`:128009 for open-end generation.
Setting `pad_token_id` to `eos_token_id`:128009 for open-end generation.
Setting `pad_token_id` to `eos_token_id`:128009 for open-end generation.
Setting `pad_token_id` to `eos_token_id`:128009 for open-end generation.
Setting `pad_token_id` to `eos_token_id`:128009 for open-end generation.
Setting `pad_token_id` to `eos_token_id`:128009 for open-end generation.
Setting `pad_token_id` to `eos_token_id`:128009 for open-end generation.
Setting `pad_token_id` to `eos_token_id`:128009 for open-end generation.
Setting `pad_token_id` to `eos_token_id`:128009 for open-end generation.
Setting `pad_token_id` to `eos_token_id`:128009 for open-end generation.
Setting `pad_token_id` to `eos_token_id`:128009 for open-end generation.
Setting `pad_token_id` to `eos_token_id`:128009 for open-end generation.
Setting `pad_token_id` to `eos_token_id`:128009 for open-end generation.
Setting `pad_token_id` to `eos_token_id`:128009 for open-end generation.
Setting `pad_token_id` to `eos_token_id`:128009 for open-end generation.
Setting `pad_token_id` to `eos_token_id`:128009 for open-end generation.
Setting `pad_token_id` to `eos_token_id`:128009 for open-end generation.
Setting `pad_token_id` to `eos_token_id`:128009 for open-end generation.
Setting `pad_token_id` to `eos_token_id`:128009 for open-end generation.
Setting `pad_token_id` to `eos_token_id`:128009 for open-end generation.
Setting `pad_token_id` to `eos_token_id`:128009 for open-end generation.
Setting `pad_token_id` to `eos_token_id`:128009 for open-end generation.
Setting `pad_token_id` to `eos_token_id`:128009 for open-end generation.
Setting `pad_token_id` to `eos_token_id`:128009 for open-end generation.
Setting `pad_token_id` to `eos_token_id`:128009 for open-end generation.
Setting `pad_token_id` to `eos_token_id`:128009 for open-end generation.
Setting `pad_token_id` to `eos_token_id`:128009 for open-end generation.
Setting `pad_token_id` to `eos_token_id`:128009 for open-end generation.
Setting `pad_token_id` to `eos_token_id`:128009 for open-end generation.
Setting `pad_token_id` to `eos_token_id`:128009 for open-end generation.
Setting `pad_token_id` to `eos_token_id`:128009 for open-end generation.
Setting `pad_token_id` to `eos_token_id`:128009 for open-end generation.
Setting `pad_token_id` to `eos_token_id`:128009 for open-end generation.
Setting `pad_token_id` to `eos_token_id`:128009 for open-end generation.
Setting `pad_token_id` to `eos_token_id`:128009 for open-end generation.
Setting `pad_token_id` to `eos_token_id`:128009 for open-end generation.
Setting `pad_token_id` to `eos_token_id`:128009 for open-end generation.
Setting `pad_token_id` to `eos_token_id`:128009 for open-end generation.
Setting `pad_token_id` to `eos_token_id`:128009 for open-end generation.
Setting `pad_token_id` to `eos_token_id`:128009 for open-end generation.
Setting `pad_token_id` to `eos_token_id`:128009 for open-end generation.
Setting `pad_token_id` to `eos_token_id`:128009 for open-end generation.
Setting `pad_token_id` to `eos_token_id`:128009 for open-end generation.
Setting `pad_token_id` to `eos_token_id`:128009 for open-end generation.
Setting `pad_token_id` to `eos_token_id`:128009 for open-end generation.
Setting `pad_token_id` to `eos_token_id`:128009 for open-end generation.
Setting `pad_token_id` to `eos_token_id`:128009 for open-end generation.
Setting `pad_token_id` to `eos_token_id`:128009 for open-end generation.
Setting `pad_token_id` to `eos_token_id`:128009 for open-end generation.
Setting `pad_token_id` to `eos_token_id`:128009 for open-end generation.
Setting `pad_token_id` to `eos_token_id`:128009 for open-end generation.
Setting `pad_token_id` to `eos_token_id`:128009 for open-end generation.
Setting `pad_token_id` to `eos_token_id`:128009 for open-end generation.
Setting `pad_token_id` to `eos_token_id`:128009 for open-end generation.
Setting `pad_token_id` to `eos_token_id`:128009 for open-end generation.
Setting `pad_token_id` to `eos_token_id`:128009 for open-end generation.
Setting `pad_token_id` to `eos_token_id`:128009 for open-end generation.
Setting `pad_token_id` to `eos_token_id`:128009 for open-end generation.
Setting `pad_token_id` to `eos_token_id`:128009 for open-end generation.
Setting `pad_token_id` to `eos_token_id`:128009 for open-end generation.
Setting `pad_token_id` to `eos_token_id`:128009 for open-end generation.
Setting `pad_token_id` to `eos_token_id`:128009 for open-end generation.
Setting `pad_token_id` to `eos_token_id`:128009 for open-end generation.
Setting `pad_token_id` to `eos_token_id`:128009 for open-end generation.
Setting `pad_token_id` to `eos_token_id`:128009 for open-end generation.
Setting `pad_token_id` to `eos_token_id`:128009 for open-end generation.
Setting `pad_token_id` to `eos_token_id`:128009 for open-end generation.
Setting `pad_token_id` to `eos_token_id`:128009 for open-end generation.
Setting `pad_token_id` to `eos_token_id`:128009 for open-end generation.
Setting `pad_token_id` to `eos_token_id`:128009 for open-end generation.
Setting `pad_token_id` to `eos_token_id`:128009 for open-end generation.
Setting `pad_token_id` to `eos_token_id`:128009 for open-end generation.
Setting `pad_token_id` to `eos_token_id`:128009 for open-end generation.
Setting `pad_token_id` to `eos_token_id`:128009 for open-end generation.
Setting `pad_token_id` to `eos_token_id`:128009 for open-end generation.
Setting `pad_token_id` to `eos_token_id`:128009 for open-end generation.
Setting `pad_token_id` to `eos_token_id`:128009 for open-end generation.
Setting `pad_token_id` to `eos_token_id`:128009 for open-end generation.
Setting `pad_token_id` to `eos_token_id`:128009 for open-end generation.
Setting `pad_token_id` to `eos_token_id`:128009 for open-end generation.
Setting `pad_token_id` to `eos_token_id`:128009 for open-end generation.
Setting `pad_token_id` to `eos_token_id`:128009 for open-end generation.
Setting `pad_token_id` to `eos_token_id`:128009 for open-end generation.
Setting `pad_token_id` to `eos_token_id`:128009 for open-end generation.
Setting `pad_token_id` to `eos_token_id`:128009 for open-end generation.
Setting `pad_token_id` to `eos_token_id`:128009 for open-end generation.
Setting `pad_token_id` to `eos_token_id`:128009 for open-end generation.
Setting `pad_token_id` to `eos_token_id`:128009 for open-end generation.
Setting `pad_token_id` to `eos_token_id`:128009 for open-end generation.
Setting `pad_token_id` to `eos_token_id`:128009 for open-end generation.
Setting `pad_token_id` to `eos_token_id`:128009 for open-end generation.
Setting `pad_token_id` to `eos_token_id`:128009 for open-end generation.
Setting `pad_token_id` to `eos_token_id`:128009 for open-end generation.
Setting `pad_token_id` to `eos_token_id`:128009 for open-end generation.
Setting `pad_token_id` to `eos_token_id`:128009 for open-end generation.
Setting `pad_token_id` to `eos_token_id`:128009 for open-end generation.
Setting `pad_token_id` to `eos_token_id`:128009 for open-end generation.
Setting `pad_token_id` to `eos_token_id`:128009 for open-end generation.
Setting `pad_token_id` to `eos_token_id`:128009 for open-end generation.
Setting `pad_token_id` to `eos_token_id`:128009 for open-end generation.
Setting `pad_token_id` to `eos_token_id`:128009 for open-end generation.
Setting `pad_token_id` to `eos_token_id`:128009 for open-end generation.
Setting `pad_token_id` to `eos_token_id`:128009 for open-end generation.
Setting `pad_token_id` to `eos_token_id`:128009 for open-end generation.
Setting `pad_token_id` to `eos_token_id`:128009 for open-end generation.
Setting `pad_token_id` to `eos_token_id`:128009 for open-end generation.
Setting `pad_token_id` to `eos_token_id`:128009 for open-end generation.
Setting `pad_token_id` to `eos_token_id`:128009 for open-end generation.
Setting `pad_token_id` to `eos_token_id`:128009 for open-end generation.
Setting `pad_token_id` to `eos_token_id`:128009 for open-end generation.
Setting `pad_token_id` to `eos_token_id`:128009 for open-end generation.
Setting `pad_token_id` to `eos_token_id`:128009 for open-end generation.
Setting `pad_token_id` to `eos_token_id`:128009 for open-end generation.
Setting `pad_token_id` to `eos_token_id`:128009 for open-end generation.
Setting `pad_token_id` to `eos_token_id`:128009 for open-end generation.
Setting `pad_token_id` to `eos_token_id`:128009 for open-end generation.
Setting `pad_token_id` to `eos_token_id`:128009 for open-end generation.
Setting `pad_token_id` to `eos_token_id`:128009 for open-end generation.
Setting `pad_token_id` to `eos_token_id`:128009 for open-end generation.
Setting `pad_token_id` to `eos_token_id`:128009 for open-end generation.
Setting `pad_token_id` to `eos_token_id`:128009 for open-end generation.
Setting `pad_token_id` to `eos_token_id`:128009 for open-end generation.
Setting `pad_token_id` to `eos_token_id`:128009 for open-end generation.
Setting `pad_token_id` to `eos_token_id`:128009 for open-end generation.
Setting `pad_token_id` to `eos_token_id`:128009 for open-end generation.
Setting `pad_token_id` to `eos_token_id`:128009 for open-end generation.
Setting `pad_token_id` to `eos_token_id`:128009 for open-end generation.
Setting `pad_token_id` to `eos_token_id`:128009 for open-end generation.
Setting `pad_token_id` to `eos_token_id`:128009 for open-end generation.
Setting `pad_token_id` to `eos_token_id`:128009 for open-end generation.
Setting `pad_token_id` to `eos_token_id`:128009 for open-end generation.
Setting `pad_token_id` to `eos_token_id`:128009 for open-end generation.
Setting `pad_token_id` to `eos_token_id`:128009 for open-end generation.
Setting `pad_token_id` to `eos_token_id`:128009 for open-end generation.
Setting `pad_token_id` to `eos_token_id`:128009 for open-end generation.
Setting `pad_token_id` to `eos_token_id`:128009 for open-end generation.
Setting `pad_token_id` to `eos_token_id`:128009 for open-end generation.
Setting `pad_token_id` to `eos_token_id`:128009 for open-end generation.
Setting `pad_token_id` to `eos_token_id`:128009 for open-end generation.
Setting `pad_token_id` to `eos_token_id`:128009 for open-end generation.
Setting `pad_token_id` to `eos_token_id`:128009 for open-end generation.
Setting `pad_token_id` to `eos_token_id`:128009 for open-end generation.
Setting `pad_token_id` to `eos_token_id`:128009 for open-end generation.
Setting `pad_token_id` to `eos_token_id`:128009 for open-end generation.
Setting `pad_token_id` to `eos_token_id`:128009 for open-end generation.
Setting `pad_token_id` to `eos_token_id`:128009 for open-end generation.
Setting `pad_token_id` to `eos_token_id`:128009 for open-end generation.
Setting `pad_token_id` to `eos_token_id`:128009 for open-end generation.
Setting `pad_token_id` to `eos_token_id`:128009 for open-end generation.
Setting `pad_token_id` to `eos_token_id`:128009 for open-end generation.
Setting `pad_token_id` to `eos_token_id`:128009 for open-end generation.
Setting `pad_token_id` to `eos_token_id`:128009 for open-end generation.
