srun: defined options
srun: -------------------- --------------------
srun: (null)              : wr[22-23]
srun: jobid               : 186872
srun: job-name            : falcon
srun: mem                 : 400G
srun: nodes               : 2
srun: ntasks              : 8
srun: ntasks-per-node     : 4
srun: verbose             : 1
srun: wait                : 300
srun: -------------------- --------------------
srun: end of defined options
srun: jobid 186872: nodes(2):`wr[22-23]', cpu counts: 4(x2)
srun: CpuBindType=(null type)
srun: launching StepId=186872.0 on host wr22, 4 tasks: [0-3]
srun: launching StepId=186872.0 on host wr23, 4 tasks: [4-7]
srun: topology/tree: init: topology tree plugin loaded
srun: error: timeout waiting for task launch, started 0 of 8 tasks
srun: StepId=186872.0 aborted before step completely launched.
srun: Job step aborted: Waiting up to 62 seconds for job step to finish.
srun: Complete StepId=186872.0 received
srun: error: Timed out waiting for job step to complete
