srun: defined options
srun: -------------------- --------------------
srun: (null)              : wr[22-23,25]
srun: export              : ALL
srun: immediate           : 30
srun: jobid               : 186908
srun: job-name            : falcon
srun: kill-on-bad-exit    : 1
srun: mem                 : 450G
srun: nodes               : 3
srun: ntasks              : 12
srun: ntasks-per-node     : 4
srun: verbose             : 1
srun: wait                : 600
srun: -------------------- --------------------
srun: end of defined options
srun: jobid 186908: nodes(3):`wr[22-23,25]', cpu counts: 4(x3)
srun: CpuBindType=(null type)
srun: launching StepId=186908.0 on host wr22, 4 tasks: [0-3]
srun: launching StepId=186908.0 on host wr23, 4 tasks: [4-7]
srun: launching StepId=186908.0 on host wr25, 4 tasks: [8-11]
srun: topology/tree: init: topology tree plugin loaded
