srun: defined options
srun: -------------------- --------------------
srun: (null)              : wr[22-23]
srun: immediate           : 30
srun: jobid               : 186877
srun: job-name            : falcon
srun: kill-on-bad-exit    : 1
srun: mem                 : 400G
srun: nodes               : 2
srun: ntasks              : 8
srun: ntasks-per-node     : 4
srun: verbose             : 1
srun: wait                : 600
srun: -------------------- --------------------
srun: end of defined options
srun: jobid 186877: nodes(2):`wr[22-23]', cpu counts: 4(x2)
srun: CpuBindType=(null type)
srun: launching StepId=186877.0 on host wr22, 4 tasks: [0-3]
srun: launching StepId=186877.0 on host wr23, 4 tasks: [4-7]
srun: topology/tree: init: topology tree plugin loaded
srun: Complete StepId=186877.0 received
srun: StepId=186877.0 aborted before step completely launched.
srun: Job step aborted: Waiting up to 62 seconds for job step to finish.
slurmstepd: error: *** JOB 186877 ON wr22 CANCELLED AT 2024-05-28T17:00:11 ***
