2024-06-19 09:05:16.112783: I tensorflow/core/platform/cpu_feature_guard.cc:210] This TensorFlow binary is optimized to use available CPU instructions in performance-critical operations.
To enable the following instructions: AVX2 FMA, in other operations, rebuild TensorFlow with the appropriate compiler flags.
2024-06-19 09:05:17.134886: W tensorflow/compiler/tf2tensorrt/utils/py_utils.cc:38] TF-TRT Warning: Could not find TensorRT
/usr/lib64/python3.9/site-packages/scipy/__init__.py:138: UserWarning: A NumPy version >=1.16.5 and <1.23.0 is required for this version of SciPy (detected version 1.26.4)
  warnings.warn(f"A NumPy version >={np_minversion} and <{np_maxversion} is required for this version of "
Special tokens have been added in the vocabulary, make sure the associated word embeddings are fine-tuned or trained.
Unsloth 2024.6 patched 32 layers with 32 QKV layers, 32 O layers and 32 MLP layers.
Setting `pad_token_id` to `eos_token_id`:128001 for open-end generation.
huggingface/tokenizers: The current process just got forked, after parallelism has already been used. Disabling parallelism to avoid deadlocks...
To disable this warning, you can either:
	- Avoid using `tokenizers` before the fork if possible
	- Explicitly set the environment variable TOKENIZERS_PARALLELISM=(true | false)
huggingface/tokenizers: The current process just got forked, after parallelism has already been used. Disabling parallelism to avoid deadlocks...
To disable this warning, you can either:
	- Avoid using `tokenizers` before the fork if possible
	- Explicitly set the environment variable TOKENIZERS_PARALLELISM=(true | false)
Traceback (most recent call last):
  File "/work/eauten2s/ec_criteria_struct/lct/models/llama_p1_tuned.py", line 101, in <module>
    save_txt(decoded_outputs, f"{output_path}{model_name}_{file_name}_{n_shot}_shot.txt")
  File "/work/eauten2s/ec_criteria_struct/lct/models/helper_functions.py", line 67, in save_txt
    f.write(data)
TypeError: write() argument must be str, not list
