slurmstepd: error: NVML: Failed to get usage(999): Unknown Error
slurmstepd: error: NVML: Failed to get usage(999): Unknown Error
2024-07-11 14:46:16.902695: I tensorflow/core/platform/cpu_feature_guard.cc:210] This TensorFlow binary is optimized to use available CPU instructions in performance-critical operations.
To enable the following instructions: AVX2 FMA, in other operations, rebuild TensorFlow with the appropriate compiler flags.
2024-07-11 14:46:18.419086: W tensorflow/compiler/tf2tensorrt/utils/py_utils.cc:38] TF-TRT Warning: Could not find TensorRT
/usr/lib64/python3.9/site-packages/scipy/__init__.py:138: UserWarning: A NumPy version >=1.16.5 and <1.23.0 is required for this version of SciPy (detected version 1.26.4)
  warnings.warn(f"A NumPy version >={np_minversion} and <{np_maxversion} is required for this version of "
slurmstepd: error: NVML: Failed to get usage(999): Unknown Error
slurmstepd: error: NVML: Failed to get usage(999): Unknown Error
slurmstepd: error: _handle_stat_jobacct: Took usec=23034888, which is more than MessageTimeout (10s). The result won't be delivered
/home/eauten2s/.local/lib/python3.9/site-packages/huggingface_hub/file_download.py:1132: FutureWarning: `resume_download` is deprecated and will be removed in version 1.0.0. Downloads always resume when possible. If you want to force a new download, use `force_download=True`.
  warnings.warn(
Traceback (most recent call last):
  File "/home/eauten2s/.local/lib/python3.9/site-packages/torch/cuda/__init__.py", line 306, in _lazy_init
    queued_call()
  File "/home/eauten2s/.local/lib/python3.9/site-packages/torch/cuda/__init__.py", line 174, in _check_capability
    capability = get_device_capability(d)
  File "/home/eauten2s/.local/lib/python3.9/site-packages/torch/cuda/__init__.py", line 430, in get_device_capability
    prop = get_device_properties(device)
  File "/home/eauten2s/.local/lib/python3.9/site-packages/torch/cuda/__init__.py", line 448, in get_device_properties
    return _get_device_properties(device)  # type: ignore[name-defined]
RuntimeError: device >= 0 && device < num_gpus INTERNAL ASSERT FAILED at "../aten/src/ATen/cuda/CUDAContext.cpp":50, please report a bug to PyTorch. device=, num_gpus=

The above exception was the direct cause of the following exception:

Traceback (most recent call last):
  File "/work/eauten2s/ec_criteria_struct/lct/models/llama_p1.py", line 103, in <module>
    pipeline = transformers.pipeline(
  File "/home/eauten2s/.local/lib/python3.9/site-packages/transformers/pipelines/__init__.py", line 905, in pipeline
    framework, model = infer_framework_load_model(
  File "/home/eauten2s/.local/lib/python3.9/site-packages/transformers/pipelines/base.py", line 279, in infer_framework_load_model
    model = model_class.from_pretrained(model, **kwargs)
  File "/home/eauten2s/.local/lib/python3.9/site-packages/transformers/models/auto/auto_factory.py", line 561, in from_pretrained
    return model_class.from_pretrained(
  File "/home/eauten2s/.local/lib/python3.9/site-packages/transformers/modeling_utils.py", line 3434, in from_pretrained
    max_memory = get_balanced_memory(
  File "/home/eauten2s/.local/lib/python3.9/site-packages/accelerate/utils/modeling.py", line 957, in get_balanced_memory
    max_memory = get_max_memory(max_memory)
  File "/home/eauten2s/.local/lib/python3.9/site-packages/accelerate/utils/modeling.py", line 825, in get_max_memory
    _ = torch.tensor([0], device=i)
  File "/home/eauten2s/.local/lib/python3.9/site-packages/torch/cuda/__init__.py", line 312, in _lazy_init
    raise DeferredCudaCallError(msg) from e
torch.cuda.DeferredCudaCallError: CUDA call failed lazily at initialization with error: device >= 0 && device < num_gpus INTERNAL ASSERT FAILED at "../aten/src/ATen/cuda/CUDAContext.cpp":50, please report a bug to PyTorch. device=, num_gpus=

CUDA call was originally invoked at:

  File "/work/eauten2s/ec_criteria_struct/lct/models/llama_p1.py", line 2, in <module>
    import transformers
  File "<frozen importlib._bootstrap>", line 1007, in _find_and_load
  File "<frozen importlib._bootstrap>", line 986, in _find_and_load_unlocked
  File "<frozen importlib._bootstrap>", line 680, in _load_unlocked
  File "<frozen importlib._bootstrap_external>", line 850, in exec_module
  File "<frozen importlib._bootstrap>", line 228, in _call_with_frames_removed
  File "/home/eauten2s/.local/lib/python3.9/site-packages/transformers/__init__.py", line 26, in <module>
    from . import dependency_versions_check
  File "<frozen importlib._bootstrap>", line 1058, in _handle_fromlist
  File "<frozen importlib._bootstrap>", line 228, in _call_with_frames_removed
  File "<frozen importlib._bootstrap>", line 1007, in _find_and_load
  File "<frozen importlib._bootstrap>", line 986, in _find_and_load_unlocked
  File "<frozen importlib._bootstrap>", line 680, in _load_unlocked
  File "<frozen importlib._bootstrap_external>", line 850, in exec_module
  File "<frozen importlib._bootstrap>", line 228, in _call_with_frames_removed
  File "/home/eauten2s/.local/lib/python3.9/site-packages/transformers/dependency_versions_check.py", line 16, in <module>
    from .utils.versions import require_version, require_version_core
  File "<frozen importlib._bootstrap>", line 1007, in _find_and_load
  File "<frozen importlib._bootstrap>", line 972, in _find_and_load_unlocked
  File "<frozen importlib._bootstrap>", line 228, in _call_with_frames_removed
  File "<frozen importlib._bootstrap>", line 1007, in _find_and_load
  File "<frozen importlib._bootstrap>", line 986, in _find_and_load_unlocked
  File "<frozen importlib._bootstrap>", line 680, in _load_unlocked
  File "<frozen importlib._bootstrap_external>", line 850, in exec_module
  File "<frozen importlib._bootstrap>", line 228, in _call_with_frames_removed
  File "/home/eauten2s/.local/lib/python3.9/site-packages/transformers/utils/__init__.py", line 33, in <module>
    from .generic import (
  File "<frozen importlib._bootstrap>", line 1007, in _find_and_load
  File "<frozen importlib._bootstrap>", line 986, in _find_and_load_unlocked
  File "<frozen importlib._bootstrap>", line 680, in _load_unlocked
  File "<frozen importlib._bootstrap_external>", line 850, in exec_module
  File "<frozen importlib._bootstrap>", line 228, in _call_with_frames_removed
  File "/home/eauten2s/.local/lib/python3.9/site-packages/transformers/utils/generic.py", line 442, in <module>
    import torch.utils._pytree as _torch_pytree
  File "<frozen importlib._bootstrap>", line 1007, in _find_and_load
  File "<frozen importlib._bootstrap>", line 972, in _find_and_load_unlocked
  File "<frozen importlib._bootstrap>", line 228, in _call_with_frames_removed
  File "<frozen importlib._bootstrap>", line 1007, in _find_and_load
  File "<frozen importlib._bootstrap>", line 972, in _find_and_load_unlocked
  File "<frozen importlib._bootstrap>", line 228, in _call_with_frames_removed
  File "<frozen importlib._bootstrap>", line 1007, in _find_and_load
  File "<frozen importlib._bootstrap>", line 986, in _find_and_load_unlocked
  File "<frozen importlib._bootstrap>", line 680, in _load_unlocked
  File "<frozen importlib._bootstrap_external>", line 850, in exec_module
  File "<frozen importlib._bootstrap>", line 228, in _call_with_frames_removed
  File "/home/eauten2s/.local/lib/python3.9/site-packages/torch/__init__.py", line 1480, in <module>
    _C._initExtension(manager_path())
  File "<frozen importlib._bootstrap>", line 1007, in _find_and_load
  File "<frozen importlib._bootstrap>", line 986, in _find_and_load_unlocked
  File "<frozen importlib._bootstrap>", line 680, in _load_unlocked
  File "<frozen importlib._bootstrap_external>", line 850, in exec_module
  File "<frozen importlib._bootstrap>", line 228, in _call_with_frames_removed
  File "/home/eauten2s/.local/lib/python3.9/site-packages/torch/cuda/__init__.py", line 238, in <module>
    _lazy_call(_check_capability)
  File "/home/eauten2s/.local/lib/python3.9/site-packages/torch/cuda/__init__.py", line 235, in _lazy_call
    _queued_calls.append((callable, traceback.format_stack()))

slurmstepd: error: NVML: Failed to get usage(999): Unknown Error
