Das File: /work/eauten2s/ec_criteria_struct/lct/input/prompt/p6.txt wurde erfolgreich geladen.
File: NCT03860012 

Das File: /work/eauten2s/ec_criteria_struct/lct/input/lct_txt/NCT03860012.txt wurde erfolgreich geladen.
Inclusion Criteria:
  1. inflammatory bowel disease
  2. [AND] on methotrexate at appropriate dosing
  3. [AND] normal folate levels at onset of study
  4. [AND] treatment with folic acid
  5. [AND] ages 2-21 years
Exclusion Criteria:
  1. [NOT] normal folate levels
  2. [OR] age > 21 [OR] less than 2
Die Daten wurden erfolgreich in '/work/eauten2s/ec_criteria_struct/lct/evaluate_parse_1/eval_p1_n_shot_modelle_prompt6_temperatur5/model_output/Gemma-27b_0_shot/output/Gemma-27b_NCT03860012_0_shot.txt' gespeichert.
File: NCT03860025 

Das File: /work/eauten2s/ec_criteria_struct/lct/input/lct_txt/NCT03860025.txt wurde erfolgreich geladen.
Inclusion Criteria:
  -  patients [AND] with one [OR] more events of hip dislocation after a primary THA
  -  controls [AND] with a primary THA [AND] [NOT] without events of hip dislocation
Exclusion Criteria:
-
Die Daten wurden erfolgreich in '/work/eauten2s/ec_criteria_struct/lct/evaluate_parse_1/eval_p1_n_shot_modelle_prompt6_temperatur5/model_output/Gemma-27b_0_shot/output/Gemma-27b_NCT03860025_0_shot.txt' gespeichert.
File: NCT03860038 

Das File: /work/eauten2s/ec_criteria_struct/lct/input/lct_txt/NCT03860038.txt wurde erfolgreich geladen.
Inclusion criteria:
  1. Age ≥ 18 [AND] male [OR] female;
  2. Subject must have had documented MM;
  3. At screening phase, subject must have measurable disease;
  4. Subject is in a state of progressive disease (PD);
  5. Subject must have life expectancy of [NOT] less than 6 months;
  6. Subject must have an ECOG (Eastern Cooperative Oncology Group) performance status score of 0~2;
Exclusion criteria:
  1. Subject has received anti-CD38 monoclonal antibody treatment previously;
  2. Subject has received CAR-T cell therapy previously;
  3. Subject has previously received allogenic stem cell transplant, [OR] subject has received autologous stem cell transplant within 3 months before administration of the study agent;
  4. Primary refractory multiple myeloma (subject failed to generate any minimal response [OR] any degree of response to any therapy);
  5. Subject has received anti-myeloma treatment (radiotherapy is [NOT] excluded) within 4 weeks [OR] 5 PK half-lives of the treatment, whichever longer, before the first study agent administration.
Die Daten wurden erfolgreich in '/work/eauten2s/ec_criteria_struct/lct/evaluate_parse_1/eval_p1_n_shot_modelle_prompt6_temperatur5/model_output/Gemma-27b_0_shot/output/Gemma-27b_NCT03860038_0_shot.txt' gespeichert.
File: NCT03860064 

Das File: /work/eauten2s/ec_criteria_struct/lct/input/lct_txt/NCT03860064.txt wurde erfolgreich geladen.
Inclusion Criteria:
  - 18-35-year-old women
  - BMI: >18 [AND] < 30 kg/m2
  - Normal female karyotype
  - Normal uterus [AND] ovaries at transvaginal ultrasound
Exclusion Criteria:
  - > 35 years
  - PCO syndrome carriers
  - Null follicle aspiration
  - History of chemotherapy [OR] radiotherapy
Die Daten wurden erfolgreich in '/work/eauten2s/ec_criteria_struct/lct/evaluate_parse_1/eval_p1_n_shot_modelle_prompt6_temperatur5/model_output/Gemma-27b_0_shot/output/Gemma-27b_NCT03860064_0_shot.txt' gespeichert.
File: NCT03860090 

Das File: /work/eauten2s/ec_criteria_struct/lct/input/lct_txt/NCT03860090.txt wurde erfolgreich geladen.
Inclusion Criteria:
  - Patients [AND] with a endovenous pacemaker [OR] defibrillator indication.
Exclusion Criteria:
  - Pre-existing ipsilateral pacing electrode.
  - Previous ipsilateral lymphadenectomy.
  - Indication [AND] of cardiac resynchronization therapy.
Die Daten wurden erfolgreich in '/work/eauten2s/ec_criteria_struct/lct/evaluate_parse_1/eval_p1_n_shot_modelle_prompt6_temperatur5/model_output/Gemma-27b_0_shot/output/Gemma-27b_NCT03860090_0_shot.txt' gespeichert.
File: NCT03860103 

Das File: /work/eauten2s/ec_criteria_struct/lct/input/lct_txt/NCT03860103.txt wurde erfolgreich geladen.
Inclusion Criteria:
  -  Patient [AND] who accepted to participate in the study
  -  Woman over 18 years old
  -  Affiliated to a social security scheme
  -  Mono-fetal pregnancy
  -  Patients with normal pregnancy between 11 [AND] 42 weeks of amenorrhea
  -  Patients hospitalized for preeclampsia [OR] intrauterine growth retardation, beyond 20 weeks of amenorrhea
Exclusion Criteria:
  -  Minors, adults under guardianship, protected persons
  -  [NOT] Affiliated to a social security scheme
  -  Multiple pregnancy
Die Daten wurden erfolgreich in '/work/eauten2s/ec_criteria_struct/lct/evaluate_parse_1/eval_p1_n_shot_modelle_prompt6_temperatur5/model_output/Gemma-27b_0_shot/output/Gemma-27b_NCT03860103_0_shot.txt' gespeichert.
File: NCT03860116 

Das File: /work/eauten2s/ec_criteria_struct/lct/input/lct_txt/NCT03860116.txt wurde erfolgreich geladen.
Inclusion Criteria:
  -  1. diagnosed [AND] HIV positive;
  -  2. initiate antiretroviral therapy on the day of recruitment;
  -  3. [OR] was infected through male same-sex behavior;
  -  4. has access to internet on a personal mobile phone;
  -  5. has a Wechat account [AND] use it daily;
  -  6. willing to provide written informed consent;
Exclusion Criteria:
  -  1. under severe physical [OR] mental condition [AND] precludes study participation;
  -  2. [NOT] being an inpatient of the hospital;
Die Daten wurden erfolgreich in '/work/eauten2s/ec_criteria_struct/lct/evaluate_parse_1/eval_p1_n_shot_modelle_prompt6_temperatur5/model_output/Gemma-27b_0_shot/output/Gemma-27b_NCT03860116_0_shot.txt' gespeichert.
File: NCT03860142 

Das File: /work/eauten2s/ec_criteria_struct/lct/input/lct_txt/NCT03860142.txt wurde erfolgreich geladen.
Inclusion Criteria:
  - Children [AND] whose age ≥ 24 months [AND] ≤ 36 months
  - Full-term [OR] prematurely born (<33 SA) at Nice University Hospital
Exclusion Criteria:
  - Children [AND] [NOT] congenital pathologies [AND] [NOT] malformations in the oro-facial sphere
  - Children [AND] [NOT] neurological [AND] [NOT] developmental pathologies unrelated to prematurity
  - Children [AND] [NOT] ENT deformities
  - Parental langage barrier
Die Daten wurden erfolgreich in '/work/eauten2s/ec_criteria_struct/lct/evaluate_parse_1/eval_p1_n_shot_modelle_prompt6_temperatur5/model_output/Gemma-27b_0_shot/output/Gemma-27b_NCT03860142_0_shot.txt' gespeichert.
File: NCT03860168 

Das File: /work/eauten2s/ec_criteria_struct/lct/input/lct_txt/NCT03860168.txt wurde erfolgreich geladen.
Inclusion Criteria for Participating Units:
  -  Participating PICUs [AND] must be a separate physical space dedicated to the care of critically ill infants [AND] children, [OR] with the ability to provide mechanical ventilation.
  -  [NOT] Implemented a PICU mobility protocol [AND] would commit to [NOT] implementing a mobility protocol until the randomized time of unit implementation.
Inclusion Criteria for Patients:
All patients admitted to the PICUs regardless of length of stay will receive the unit-based PICU Up! intervention, which includes criteria for [NOT] mobilization based on specific clinical factors (i.e. open chest, surgeon request).10 For inclusion in data analysis,
patients will be eligible if
  -  Admitted to the participating PICU ≥ 3 days.
Exclusion Criteria for Patients:
  -  Patients with an active do-[NOT]resuscitate (DNR) order will be excluded.
Die Daten wurden erfolgreich in '/work/eauten2s/ec_criteria_struct/lct/evaluate_parse_1/eval_p1_n_shot_modelle_prompt6_temperatur5/model_output/Gemma-27b_0_shot/output/Gemma-27b_NCT03860168_0_shot.txt' gespeichert.
File: NCT03860181 

Das File: /work/eauten2s/ec_criteria_struct/lct/input/lct_txt/NCT03860181.txt wurde erfolgreich geladen.
Subjects will be included if:
  - They are 18 years [OR] older;
  - They are undergoing primary total shoulder arthroplasty by the principal [AND] co-investigator.
  - They are willing [AND] have the capacity to provide informed consent;
  - They expect to continue their post-operative follow up care with their operating surgeons at Medical University of South Carolina (MUSC).
Subjects will be excluded if:
  - They have a unique, identifying tattoo [OR] skin marking within 2 inches of intended site of surgical incision
  - They self-report a known hypersensitivity to cyanoacrylate, formaldehyde, benzalkonium chloride, [OR] pressure sensitive adhesive;
  - They self-report [OR] have a documented prior ipsilateral shoulder arthroplasty [OR] other open ispilateral shoulder surgery utilizing the delto-pectoral approach;
  - Their medical record shows that they are HIV positive [OR] otherwise immunocompromised;
  - Their medical record shows a skin abnormality [OR] dermatological condition which affects skin healing;
  - They report a personal [OR] family history of significant keloid [OR] significant hypertrophic scar formations, [OR] other problems with wound healing.
Die Daten wurden erfolgreich in '/work/eauten2s/ec_criteria_struct/lct/evaluate_parse_1/eval_p1_n_shot_modelle_prompt6_temperatur5/model_output/Gemma-27b_0_shot/output/Gemma-27b_NCT03860181_0_shot.txt' gespeichert.
File: NCT03860194 

Das File: /work/eauten2s/ec_criteria_struct/lct/input/lct_txt/NCT03860194.txt wurde erfolgreich geladen.
Inclusion Criteria:
  - Older adults (≥ 65 years)
  - Subject [AND] has lower appendicular muscle mass index (AMMI) (<7 kg/m^2 in men; <5.7 kg/m^2 in women) using Bioelectrical impedance analysis (BIA, TANITA BC-418®, Tokyo, Japan)
  - Subject [AND] has lower handgrip strength (<26 kg in men; <18 kg in women) using dynamometer (CAMRY®, Zhongshan, Guangdong) [OR] slowly gait speed (<1 m/s)
Exclusion Criteria:
  - Subject's life expectancy was shorter than 6 months
  - Nursing home resident
  - Subject [AND] has the history of kidney failure
  - Subject [AND] has the history of liver failure
  - Subject [AND] has the history of diabetes mellitus
  - Subject [AND] has resistance exercise habit.
Die Daten wurden erfolgreich in '/work/eauten2s/ec_criteria_struct/lct/evaluate_parse_1/eval_p1_n_shot_modelle_prompt6_temperatur5/model_output/Gemma-27b_0_shot/output/Gemma-27b_NCT03860194_0_shot.txt' gespeichert.
File: NCT03860220 

Das File: /work/eauten2s/ec_criteria_struct/lct/input/lct_txt/NCT03860220.txt wurde erfolgreich geladen.
Inclusion Criteria:
  -  145 mmHg ≤ msSBP ≤ 190 mmHg
  -  Triglycerides < 500 mg/dL
  -  LDL-C ≤ 250 mg/dL
Exclusion Criteria:
  -  sSBP ≥ 20mmHg [AND] sDBP ≥ 10mmHg
  -  symptomatic orthostatic hypotension [AND] secondary/iatrogenic hypertension [AND] dyslipidemia
  -  history of moderate to severe cerebral ischemia, cerebral hemorrhage, transient ischemic attack, myocardial infarction, [OR] unstable angina in the past 6 months; [OR] severe heart failure (New York Heart Association functional class III [AND] IV)
  -  hypersensitivity to telmisartan [OR] rosuvastatin
  -  history of angioedema after treatment with angiotensin-converting enzyme inhibitors [OR] ARBs; [OR] creatinine phosphokinase levels ≥3 times the upper limit of normal
  -  estimated glomerular filtration rate ≤30 mL/min; [OR] aspartate aminotransferase [AND] alanine aminotransferase levels ≥3 times the upper limit of normal
  -  potassium levels >5.5 mmol/L; [OR] [NOT] any diseases that could affect the results of the study.
Die Daten wurden erfolgreich in '/work/eauten2s/ec_criteria_struct/lct/evaluate_parse_1/eval_p1_n_shot_modelle_prompt6_temperatur5/model_output/Gemma-27b_0_shot/output/Gemma-27b_NCT03860220_0_shot.txt' gespeichert.
File: NCT03860233 

Das File: /work/eauten2s/ec_criteria_struct/lct/input/lct_txt/NCT03860233.txt wurde erfolgreich geladen.
Inclusion Criteria:
  - Men [OR] women 18 years of age [OR] older.
Exclusion Criteria:
  - [NOT]subjects willing [OR] [NOT]otherwise unable to use CPAP for treatment of OSA.
  - Presence of other sleep disorders
  - [NOT]Pregnant [OR] breastfeeding women
  - Women of child-bearing age (WOCBA) [NOT]willing [OR] [NOT]unable to use an accepted method to avoid pregnancy for the entire duration of the study
  - [NOT]Prisoners [OR] subjects who are involuntarily incarcerated
  - Subjects who are compulsorily detain [OR] treatment of either a psychiatric [OR] physical (i.e. infectious disease) illness
  - Patients [NOT]able to give consent because of a language barrier, [OR] other reason.
Die Daten wurden erfolgreich in '/work/eauten2s/ec_criteria_struct/lct/evaluate_parse_1/eval_p1_n_shot_modelle_prompt6_temperatur5/model_output/Gemma-27b_0_shot/output/Gemma-27b_NCT03860233_0_shot.txt' gespeichert.
File: NCT03860246 

Das File: /work/eauten2s/ec_criteria_struct/lct/input/lct_txt/NCT03860246.txt wurde erfolgreich geladen.
Inclusion Criteria:
Nursing home residents [AND] with ≥2 of the following risk factors for atrial fibrillation:
  -  age ≥75 years
  -  female sex
  -  obstructive sleep apnea
  -  peripheral vascular disease
  -  diabetes mellitus
  -  obesity (body mass index [BMI] >30 kg/m2)
  -  hypertension
  -  congestive heart failure
Exclusion Criteria:
  -  prior diagnosis of AF
  -  continuous rhythm monitoring over the past year
  -  pacemaker [OR] implantable cardioverter defibrillator in situ
Die Daten wurden erfolgreich in '/work/eauten2s/ec_criteria_struct/lct/evaluate_parse_1/eval_p1_n_shot_modelle_prompt6_temperatur5/model_output/Gemma-27b_0_shot/output/Gemma-27b_NCT03860246_0_shot.txt' gespeichert.
File: NCT03860259 

Das File: /work/eauten2s/ec_criteria_struct/lct/input/lct_txt/NCT03860259.txt wurde erfolgreich geladen.
Inclusion Criteria:
  1. Subject is greater than 18 years of age
  2. Subject is willing [AND] able to provide informed consent
  3. Subject is scheduled to undergo elective rotator cuff surgery
  4. Subject has consented to an interscalene block
Exclusion Criteria:
  1. Opioid dependence
  2. Any subject diagnosed with a chronic pain condition [AND] daily opioid use is needed
  3. Anatomical malformation, which in the investigator's opinion may interfere with the placement of the nerve block
  4. Raynaud's disease diagnosis
  5. Vasculopathy
  6. Patient refusal
Die Daten wurden erfolgreich in '/work/eauten2s/ec_criteria_struct/lct/evaluate_parse_1/eval_p1_n_shot_modelle_prompt6_temperatur5/model_output/Gemma-27b_0_shot/output/Gemma-27b_NCT03860259_0_shot.txt' gespeichert.
File: NCT03860311 

Das File: /work/eauten2s/ec_criteria_struct/lct/input/lct_txt/NCT03860311.txt wurde erfolgreich geladen.
Inclusion Criteria:
  - Age 8yr-18yrs [AND] Female [AND] Likely to have order placed for transabdominal pelvic ultrasound/ovarian ultrasound [AND] [NOT] history of pelvic [OR] bladder reconstructive surgery
Exclusion Criteria:
  - Pregnancy (known) [OR] Critically ill patients [OR] Patients with known renal [OR] genitourinary structural abnormalities [OR] prior pelvic/genitourinary surgery [OR] Chronic renal disease [OR] Patients presenting outside the defined treatment windows
Die Daten wurden erfolgreich in '/work/eauten2s/ec_criteria_struct/lct/evaluate_parse_1/eval_p1_n_shot_modelle_prompt6_temperatur5/model_output/Gemma-27b_0_shot/output/Gemma-27b_NCT03860311_0_shot.txt' gespeichert.
File: NCT03860324 

Das File: /work/eauten2s/ec_criteria_struct/lct/input/lct_txt/NCT03860324.txt wurde erfolgreich geladen.
Inclusion Criteria:
  - Surgical plan for total hip replacement
  - Signing of consent form to participate in the study
Exclusion Criteria:
  - Patient refusal
  - BMI > 40 kg/m2
  - Surgical plan for revision of hip replacement
  - [NOT]Patient able to quantify pain level
  - Chronic kidney disease [AND] Glomerular Filtration Rate < 50ml/min
  - Previously medicated with opioids
  - [NOT]Patient able to perform the surgery with spinal block
  - Allergy to local anesthetics
  - Infection in the site of the Erector Spinae Plane [OR] Fascia Iliaca block
  - Allergy [OR] contraindication to the use of morphine
Die Daten wurden erfolgreich in '/work/eauten2s/ec_criteria_struct/lct/evaluate_parse_1/eval_p1_n_shot_modelle_prompt6_temperatur5/model_output/Gemma-27b_0_shot/output/Gemma-27b_NCT03860324_0_shot.txt' gespeichert.
File: NCT03860337 

Das File: /work/eauten2s/ec_criteria_struct/lct/input/lct_txt/NCT03860337.txt wurde erfolgreich geladen.
Inclusion Criteria:
-

Exclusion Criteria:
  - [NOT]pregnant [OR] [NOT]lactating.
Die Daten wurden erfolgreich in '/work/eauten2s/ec_criteria_struct/lct/evaluate_parse_1/eval_p1_n_shot_modelle_prompt6_temperatur5/model_output/Gemma-27b_0_shot/output/Gemma-27b_NCT03860337_0_shot.txt' gespeichert.
File: NCT03860350 

Das File: /work/eauten2s/ec_criteria_struct/lct/input/lct_txt/NCT03860350.txt wurde erfolgreich geladen.
Inclusion Criteria:
  - CAC score >10
  - Framingham risk score [OR] 10 % [OR] above
  - Subjects [AND] required to be on stable concomitant medications for at least 12 weeks prior to randomization
  - Subjects [WITH] diabetic [AND] HbA1C < 8.0 [AND] stable HbA1C level variation range within 0.5% for three months.
Exclusion Criteria:
  - Hypersensitivity to AGE therapy,
  - Unstable medical, psychiatric, [OR] substance abuse disorder that may interfere with continuation in the study,
  - Weight ≥325 pounds,
  - Bleeding disorder,
  - History of myocardial infarction,
  - Stroke
  - Life-threatening arrhythmia within prior 6 months,
  - Resting hypotension (systolic < 90 mmHg) [OR] hypertension (resting blood pressure >170/110)
  - Heart failure NYHA class III [OR] IV,
  - History of malignancy within the last 5 years (other than skin cancer) [OR] evidence of active cancer which would require concomitant cancer chemotherapy
  - Serum creatinine >1.4 mg/dl
  - Triglycerides > 400 at baseline visit
  - Diabetic subjects [WITH] HbA1C > 8 %,
  - Drug [OR] alcohol abuse
  - Conditions interfering with accurate assessment of coronary calcification (metal clips, bypass patients, intracoronary stents) [AND] drug absorption (partial ileal bypass [OR] malabsorption syndrome).
  - Current use of anticoagulants (except for antiplatelet agents)
  - Chronic renal failure
  - Liver failure
  - Hematological [OR] biochemical values at baseline visit outside the reference ranges considered as clinically significant.
Die Daten wurden erfolgreich in '/work/eauten2s/ec_criteria_struct/lct/evaluate_parse_1/eval_p1_n_shot_modelle_prompt6_temperatur5/model_output/Gemma-27b_0_shot/output/Gemma-27b_NCT03860350_0_shot.txt' gespeichert.
File: NCT03860363 

Das File: /work/eauten2s/ec_criteria_struct/lct/input/lct_txt/NCT03860363.txt wurde erfolgreich geladen.
Inclusion Criteria:
  - Adult [AND] age ≥ 18
  - Patient undergoing non-emergent cardiac surgery
  - Anticipated requirement for mediastinal chest tube drainage
Exclusion Criteria:
  - Emergency surgery
  - Re-do surgery
  - Prior cardiac surgery
  - Congenital cardiac disease [OR] deformation
  - Transplant surgery
  - Ventricular Assist Device Surgery
  - Suspected pulmonary air leak
  - Atrial fibrillation
  - [NOT]In the opinion of the investigator the patient is unsuitable for the study for any other legitimate reason including incarceration, pre-existing medical [OR] psychiatric condition, [OR] interfering medications
  - [NOT]Known previous [OR] concurrent enrollment in a clinical trial that, in the opinion of the investigator, might interfere with the objectives of this clinical trial
  - Pregnancy
Die Daten wurden erfolgreich in '/work/eauten2s/ec_criteria_struct/lct/evaluate_parse_1/eval_p1_n_shot_modelle_prompt6_temperatur5/model_output/Gemma-27b_0_shot/output/Gemma-27b_NCT03860363_0_shot.txt' gespeichert.
File: NCT03860376 

Das File: /work/eauten2s/ec_criteria_struct/lct/input/lct_txt/NCT03860376.txt wurde erfolgreich geladen.
Inclusion Criteria:
  -  Patients aged 21 years [OR] younger at the time of enrollment on this study of any gender, race [OR] ethnicity.
  -  Subjects [AND] with suspected [OR] confirmed diagnosis of recurrent [OR] refractory cancer
  -  Subjects [AND] who are scheduled for [OR] have recently had biopsy [OR] tumor excised (solid tumors) [OR] bone marrow aspirate (blood cancers)
  -  Subjects willing to have a blood draw [OR] buccal swab done for the purposes of genetic testing
  -  Subjects [OR] their parents [OR] legal guardians willing to sign informed consent
  -  Subjects aged 7 to 17 willing to sign assent
Exclusion Criteria:
  -  Subjects [AND] who [NOT] have malignant tissue available [AND] accessible
  -  The amount of excised malignant tissue is [NOT] sufficient for the ex vivo drug testing [AND] [OR] genetic profiling.
  -  Patients with newly diagnosed tumors [AND] tumors that have high (>90%) cure rate with safe standard therapy.
Die Daten wurden erfolgreich in '/work/eauten2s/ec_criteria_struct/lct/evaluate_parse_1/eval_p1_n_shot_modelle_prompt6_temperatur5/model_output/Gemma-27b_0_shot/output/Gemma-27b_NCT03860376_0_shot.txt' gespeichert.
File: NCT03860389 

Das File: /work/eauten2s/ec_criteria_struct/lct/input/lct_txt/NCT03860389.txt wurde erfolgreich geladen.
Inclusion Criteria:
  - Diagnosis [AND] autism spectrum disorder
Exclusion Criteria:
  - [NOT] Any medical condition [AND] excludes [AND] child [OR] partaking [OR] exercise
Die Daten wurden erfolgreich in '/work/eauten2s/ec_criteria_struct/lct/evaluate_parse_1/eval_p1_n_shot_modelle_prompt6_temperatur5/model_output/Gemma-27b_0_shot/output/Gemma-27b_NCT03860389_0_shot.txt' gespeichert.
File: NCT03860402 

Das File: /work/eauten2s/ec_criteria_struct/lct/input/lct_txt/NCT03860402.txt wurde erfolgreich geladen.
Inclusion Criteria:
  - Among the pregnant women [AND] who were administered cesarean section in this study, those [AND] who agreed to participate in this study.
Exclusion Criteria:
  - Fetal distress requiring fast delivery.
  - Patients with hypersensitivity, allergic response, [OR] resistance to the drugs used in this study (fentanyl, ropivacaine, lidocaine).
  - Patients [AND] who [NOT] is possible for regional anesthesia
  - Patients [AND] who refused to participate in this study.
  - Patients [AND] who [NOT] can read [OR] understand the agreement.
  - Patients whose weight is less than 50kg [OR] exceeds 100kg.
Die Daten wurden erfolgreich in '/work/eauten2s/ec_criteria_struct/lct/evaluate_parse_1/eval_p1_n_shot_modelle_prompt6_temperatur5/model_output/Gemma-27b_0_shot/output/Gemma-27b_NCT03860402_0_shot.txt' gespeichert.
File: NCT03860415 

Das File: /work/eauten2s/ec_criteria_struct/lct/input/lct_txt/NCT03860415.txt wurde erfolgreich geladen.
Inclusion Criteria:
  - Chronic [AND] more than three months ESBL colonization of the same strain as determined by
  - species, phenotype [OR] antibiogram.
  - Patients must be able to swallow sachets.
  - [AND] must be able to speak [AND] understand Swedish.
  - [AND] must have a permanent residence in Sweden.
  - [AND] must be able to sign informed consent in Swedish.
Exclusion Criteria:
  - Immunosuppression (i.e. chemotheraphy, treatment with TNF-alpha-inhibitors).
  - [OR] In patient care.
  - [OR] immunodeficiency
  - [OR] psychiatric disorder
  - [OR] alcohol [OR] substance abuse
  - [OR] dementia
  - [OR] Invasive catheters.
Die Daten wurden erfolgreich in '/work/eauten2s/ec_criteria_struct/lct/evaluate_parse_1/eval_p1_n_shot_modelle_prompt6_temperatur5/model_output/Gemma-27b_0_shot/output/Gemma-27b_NCT03860415_0_shot.txt' gespeichert.
File: NCT03860428 

Das File: /work/eauten2s/ec_criteria_struct/lct/input/lct_txt/NCT03860428.txt wurde erfolgreich geladen.
Inclusion Criteria:
  -  Gestational age < 32 weeks
  -  Birthweight <1500 g
  -  Age less than 72 hours
  -  PDA diameter > 1.5 mm
  -  Signed informed consent obtained from both parents
Exclusion Criteria:
  -  Birthweight ≥ 1500 g [OR] gestation age ≥ 32 weeks
  -  [NOT]Informed consent of the parents
  -  Congenital heart defect, [NOT]PDA [AND] [NOT]patent foramen ovale (PFO)
  -  The presence of a clinically apparent hemorrhagic syndrome
  -  Any intraventricular hemorrhage (IVH) in the first 48 hours [OR] IVH grade 3-4
  -  A platelet count of < 50,000/mm3
  -  A serum creatinine concentration of > 110 μmol/L
  -  Oliguria <1 ml/kg/h
  -  Suspected/apparent NEC
  -  Suspected/apparent lung hypoplasia
Die Daten wurden erfolgreich in '/work/eauten2s/ec_criteria_struct/lct/evaluate_parse_1/eval_p1_n_shot_modelle_prompt6_temperatur5/model_output/Gemma-27b_0_shot/output/Gemma-27b_NCT03860428_0_shot.txt' gespeichert.
File: NCT03860454 

Das File: /work/eauten2s/ec_criteria_struct/lct/input/lct_txt/NCT03860454.txt wurde erfolgreich geladen.
Inclusion Criteria:
  - LMNA+ cases [AND] with pathogenic LMNA mutations [OR] for LMNA+ [AND] heart myocardial samples from the explanted hearts of LMNA+ patients [WHO] are scheduled to undergo clinically indicated heart transplantation at the Papworth Hospital NHS Trust.
  - DCMWT cases: patients with heart muscle failure [BUT] with wild-type lamin gene. Heart myocardial samples from the explanted hearts of DCMWT patients [WHO] are scheduled to undergo clinically indicated heart transplantation at the Papworth Hospital NHS Trust.
  - HV (controls): matched to cases.
Exclusion Criteria:
  - Needle-phobia [THAT] would preclude blood-letting
  - Participants [NOT] willing to consent
  - Patients [THAT] have a conventional contraindication for cardiac magnetic resonance imaging (MRI).
  - Patients [THAT] have had a blood transfusion within the last month [OR] patients having haemodialysis will be excluded.
Die Daten wurden erfolgreich in '/work/eauten2s/ec_criteria_struct/lct/evaluate_parse_1/eval_p1_n_shot_modelle_prompt6_temperatur5/model_output/Gemma-27b_0_shot/output/Gemma-27b_NCT03860454_0_shot.txt' gespeichert.
File: NCT03860467 

Das File: /work/eauten2s/ec_criteria_struct/lct/input/lct_txt/NCT03860467.txt wurde erfolgreich geladen.
Inclusion Criteria:
  - admitted [AND] to the ICU at the University Hospital Basel
  - suffered from one [OR] more epileptic seizures (detected clinically [OR] by EEG) during their ICU-stay
Exclusion Criteria:
  - patients [WITH] epileptic seizures transforming into Status epilepticus (SE)
Die Daten wurden erfolgreich in '/work/eauten2s/ec_criteria_struct/lct/evaluate_parse_1/eval_p1_n_shot_modelle_prompt6_temperatur5/model_output/Gemma-27b_0_shot/output/Gemma-27b_NCT03860467_0_shot.txt' gespeichert.
File: NCT03860480 

Das File: /work/eauten2s/ec_criteria_struct/lct/input/lct_txt/NCT03860480.txt wurde erfolgreich geladen.
Inclusion Criteria:
• Patients > 18 years old [AND] with ASA status I-III, undergoing VATS [OR] for lobectomy [OR] wedge.
Non-inclusion Criteria:
  -  < 18 years old
  -  BMI > 35
  -  Chronic pain history [WITH] regular opioid [AND] [OR] gabapentinoids use during the 2 weeks before surgery
  -  Regular marijuana use
  -  History of thoracic surgery on the operated side
  -  Epidural analgesia preferred due to [AN] anticipated high risk of conversion to thoracotomy
  -  [NOT] Able to communicate with the investigators
  -  Receiving anticoagulation [OR] experiencing [ANY] bleeding disorder
  -  Surgery for empyema [AND] sympathectomy
  -  Known allergy to local anesthetics, fentanyl [OR] hydromorphone
  -  Active infection at injection sites
  -  Preexisting neurological deficit [OR] psychiatric illness
  -  Severe cardiovascular disease
  -  Liver failure
  -  Renal failure (estimated glomerular filtration rate <15 mL/ min/1.73 m2)
  -  Pregnancy
Exclusion Criteria:
  -  Perioperative conversion to thoracotomy
  -  Severe intra- [OR] postoperative bleeding
  -  Patients requiring postoperative mechanical ventilation
  -  Technical [NOT] ability to proceed with the blocks
Die Daten wurden erfolgreich in '/work/eauten2s/ec_criteria_struct/lct/evaluate_parse_1/eval_p1_n_shot_modelle_prompt6_temperatur5/model_output/Gemma-27b_0_shot/output/Gemma-27b_NCT03860480_0_shot.txt' gespeichert.
File: NCT03860493 

Das File: /work/eauten2s/ec_criteria_struct/lct/input/lct_txt/NCT03860493.txt wurde erfolgreich geladen.
Inclusion Criteria:
  1. Patients [OR] both genders
  2. Minimum age: 18 years old
  3. Spoken [AND] written command of the language spoken in the country's center
  4. Ability to understand [AND] follow the study procedures [AND] sign the informed consent
  5. open surgical porcedures
Exclusion Criteria:
  1. Known allergies to iodides
  2. Known history of coagulopathy
  3. Women [WHO] are pregnant [OR] breastfeeding, [OR] for [NOT] whom possibility of pregnancy was [NOT] ruled out
Die Daten wurden erfolgreich in '/work/eauten2s/ec_criteria_struct/lct/evaluate_parse_1/eval_p1_n_shot_modelle_prompt6_temperatur5/model_output/Gemma-27b_0_shot/output/Gemma-27b_NCT03860493_0_shot.txt' gespeichert.
File: NCT03860545 

Das File: /work/eauten2s/ec_criteria_struct/lct/input/lct_txt/NCT03860545.txt wurde erfolgreich geladen.
Inclusion Criteria:
  -  a planned operation [AND] with the use of cardiopulmonary bypass [AND] coronary artery bypass grafting
Exclusion Criteria:
  -  emergency operations [OR] re-operations;
  -  a known pathology [AND] renal failure [OR] a known pathology of the urinary tract;
  -  chronic use [AND] iron [OR] non-steroidal anti-inflammatory drugs (NSAIDs) [OR] immunosuppression [OR] steroids in the preoperative period;
  -  polycythemia [OR] porphyria [OR] pathological hemoglobin species in anamnesis;
  -  preoperative signs [AND] hepatic failure;
  -  active autoimmune diseases [OR] active neoplastic diseases [OR] active infection;
  -  anticipated significant bleeding [AND] anti-platelet agents [AND] suggesting the use of blood-derived products during the operation [AND] afterward
  -  acute myocardial infarction after operation
Die Daten wurden erfolgreich in '/work/eauten2s/ec_criteria_struct/lct/evaluate_parse_1/eval_p1_n_shot_modelle_prompt6_temperatur5/model_output/Gemma-27b_0_shot/output/Gemma-27b_NCT03860545_0_shot.txt' gespeichert.
File: NCT03860584 

Das File: /work/eauten2s/ec_criteria_struct/lct/input/lct_txt/NCT03860584.txt wurde erfolgreich geladen.
Inclusion Criteria:
  - Serum Glucose 100-126 mg/dl
  - Waist C >89 [OR] 102 cm [AND] F [OR] M
  - Serum HDL-C: <50 [OR] 40 mg/dl [AND] F [OR] M
  - Serum TG: >150 mg/dl
  - BP >130/85 mmHg
  - Serum Endotoxin >25 EU/ml
Exclusion Criteria:
  - [NOT] Unstable body mass (±2 kg over prior 3-mo)
  - [NOT] Vegetarian
  - [NOT] Food allergies [OR] lactose intolerance
  - [NOT] User of dietary supplements [OR] probiotics (within past 1-mo)
  - [NOT] Pregnancy, lactation, changes in birth control (within 6-mo)
  - [NOT] Any gastrointestinal disorders
  - [NOT] Chronic diarrhea
  - [NOT] Smoker
  - [NOT] Excess alcohol (>2 drinks/d)
  - [NOT] Excess aerobic exercise (>5 h/wk)
  - [NOT] Recent antibiotic [OR] anti-inflammatory agent use
  - BP >140/90 mmHg
Die Daten wurden erfolgreich in '/work/eauten2s/ec_criteria_struct/lct/evaluate_parse_1/eval_p1_n_shot_modelle_prompt6_temperatur5/model_output/Gemma-27b_0_shot/output/Gemma-27b_NCT03860584_0_shot.txt' gespeichert.
File: NCT03860597 

Das File: /work/eauten2s/ec_criteria_struct/lct/input/lct_txt/NCT03860597.txt wurde erfolgreich geladen.
Inclusion Criteria:
  -  diagnosis [OR] schizophrenia [OR] schizoaffective-depressed [OR] healthy subjects
  -  ages 18-50 [AND] for all subjects
  -  double barrier contraception [AND] for all subjects
  -  [NOT] pregnant [AND] for all subjects
Exclusion Criteria:
  -  DSM-IV Axis I [OR] II Diagnosis [AND] for healthy subjects
  -  MEM [OR] amantadine [AND] for patients
  -  current substance abuse [AND] for all subjects
  -  current recreational drug use [AND] for all subjects
  -  history [OF] other significant medical illness (e.g. cancer, diabetes, heart disease, HIV, seizures) [AND] for all subjects
  -  open head injury [OR] closed head injury with loss of consciousness > 1 min [AND] for all subjects
  -  hearing [OR] visual impairment [AND] for all subjects
  -  pregnancy [AND] for all subjects
  -  dementia [AND] for all subjects
  -  mental retardation [AND] for all subjects
Die Daten wurden erfolgreich in '/work/eauten2s/ec_criteria_struct/lct/evaluate_parse_1/eval_p1_n_shot_modelle_prompt6_temperatur5/model_output/Gemma-27b_0_shot/output/Gemma-27b_NCT03860597_0_shot.txt' gespeichert.
File: NCT03860610 

Das File: /work/eauten2s/ec_criteria_struct/lct/input/lct_txt/NCT03860610.txt wurde erfolgreich geladen.
Inclusion Criteria:
  -  Patients [AND] with an unilateral THA [OR] TKA, which they received for the treatment of osteoarthritis (Patient groups 1+2)
  -  Patients diagnosed with unilateral OA of the knee [OR] hip planned for a treatment with THA [OR] TKA (Patient groups 3+4)
  -  Age ≥ 30 years (Healthy control group)
Exclusion Criteria:
  -  Body mass index > 35kg/m2
  -  Use of walking aids
  -  Neuromuscular disorders affecting gait
  -  [NOT]Inability to follow procedures due to psychological disorders [OR] dementia
  -  Diagnosed hip [OR] knee OA (Healthy control group)
  -  Current pain in the lower extremities [OR] lower back (Healthy control group)
  -  Rheumatoid Arthritis (Healthy control group)
  -  Previous corrective osteotomy (Healthy control group)
  -  Regular intake of pain medication (more than 4 times per week) (Healthy control group)
Die Daten wurden erfolgreich in '/work/eauten2s/ec_criteria_struct/lct/evaluate_parse_1/eval_p1_n_shot_modelle_prompt6_temperatur5/model_output/Gemma-27b_0_shot/output/Gemma-27b_NCT03860610_0_shot.txt' gespeichert.
File: NCT03860623 

Das File: /work/eauten2s/ec_criteria_struct/lct/input/lct_txt/NCT03860623.txt wurde erfolgreich geladen.
Inclusion Criteria:
  - BMI 30-40 kg/m2
  - BMI 18-25 kg/m2 [OR] those with BMI up to 28kg/m2 [AND] waist circumference is <96cm.
  - Males
  - Aged 18-60yrs
Exclusion Criteria:
  - Acute illness in the preceding 6 weeks
  - Taking regular medication
  - History of deep vein thrombosis [OR] clotting disorders
  - Hypertension
  - Diabetes
  - [NOT]Any clinically significant findings at screening
  - History of substance abuse
  - Demonstrating factors precluding safe MRI
  - History of gastrointestinal motility disorders (e.g. gastroesophageal reflux disease -irritable bowel syndrome, gastroparesis, sphincter of Oddi dysfunction, etc.)
  - Previous thoracic [OR] abdominal surgery.
  - Those who report having ≤3 bowel movements/week [OR] >2/day.
Die Daten wurden erfolgreich in '/work/eauten2s/ec_criteria_struct/lct/evaluate_parse_1/eval_p1_n_shot_modelle_prompt6_temperatur5/model_output/Gemma-27b_0_shot/output/Gemma-27b_NCT03860623_0_shot.txt' gespeichert.
File: NCT03860662 

Das File: /work/eauten2s/ec_criteria_struct/lct/input/lct_txt/NCT03860662.txt wurde erfolgreich geladen.
Inclusion Criteria:
  - Being between the ages of 18 [AND] 60
  - [AND] To accept voluntary participation in the study
  - [AND] Spastic Hemiplegia (Modified Ashworth Scale 2 [OR] above)
Exclusion Criteria:
  - Pregnant women, breastfeeding [OR] younger than 18 years
  - [NOT] To have medication [AND] substance use causing neuropathy in the history of the disease [OR] neuropathy
  - Companies that have received botulinum toxin injection therapy [OR] oral antispastic therapy within the last 6 months
  - [NOT] Have a history of allergies [AND] hypersensitivity to usability drug
  - Injection treatment planned purification hematoma, cleaning [OR] skin lesion to be
Die Daten wurden erfolgreich in '/work/eauten2s/ec_criteria_struct/lct/evaluate_parse_1/eval_p1_n_shot_modelle_prompt6_temperatur5/model_output/Gemma-27b_0_shot/output/Gemma-27b_NCT03860662_0_shot.txt' gespeichert.
File: NCT03860688 

Das File: /work/eauten2s/ec_criteria_struct/lct/input/lct_txt/NCT03860688.txt wurde erfolgreich geladen.
Inclusion Criteria:
  -  Men [OR] women, aged 18 [AND] 60 years.
  -  Body mass index 20 [AND] 27 kg/m2
Exclusion Criteria:
  1. Patients [WITH] active inflammatory bowel disease
  2. Patients [WITH] pre-existing Celiac disease, exocrine pancreatic insufficiency [OR] small bowel malabsorption
  3. Patients [WITH] active bowel malignancy
  4. Patients [WITH] diabetes mellitus [OR] known/[OR] suspected motility disorders of the gut
  5. Patients [WITH] decompensated liver disease
  6. Patients on ezetimibe [OR] bile acid sequestrants
  7. Patients [WHO] are pregnant [OR] breastfeeding.
  8. Patients [WITH] renal disease.
  9. Patients on benzodiazepine.
 10. Unstable cardiac [OR] respiratory disease
 11. [NOT] Any changes to medication in the preceding month
 12. Patients [WITH] hypersensitive to Revestive [OR] any ingredient, active [OR] a history of the drug within the last 5 years
 13. Patients [WITH] GI malignancy (GI tract, hepatobiliary, pancreatic)
Die Daten wurden erfolgreich in '/work/eauten2s/ec_criteria_struct/lct/evaluate_parse_1/eval_p1_n_shot_modelle_prompt6_temperatur5/model_output/Gemma-27b_0_shot/output/Gemma-27b_NCT03860688_0_shot.txt' gespeichert.
File: NCT03860701 

Das File: /work/eauten2s/ec_criteria_struct/lct/input/lct_txt/NCT03860701.txt wurde erfolgreich geladen.
Inclusion Criteria:
  - Patients [AND] with NEC (stages I-III Bell's Classification)
  - Weight greater [OR] equal to 750 g.
  - Gestational age < 36 weeks.
  - Patients [AND] whose parents consent to participate in the study.
Exclusion Criteria:
  - Patients [AND] with major congenital anomalies
  - [NOT] Antecedent of limb ischemia/limb thrombotic events.
  - [NOT] Antecedent diagnosis of occlusive arterial [OR] venous thrombosis
  - Hemodynamic instability
Die Daten wurden erfolgreich in '/work/eauten2s/ec_criteria_struct/lct/evaluate_parse_1/eval_p1_n_shot_modelle_prompt6_temperatur5/model_output/Gemma-27b_0_shot/output/Gemma-27b_NCT03860701_0_shot.txt' gespeichert.
File: NCT03860714 

Das File: /work/eauten2s/ec_criteria_struct/lct/input/lct_txt/NCT03860714.txt wurde erfolgreich geladen.
Inclusion Criteria:
  -  [NOT]Cardiac surgery patients;
       -  Age [AND]is greater than [OR] equal to 60 years old; ③[AND]Han Nationality, mother tongue [AND]is chinese; ④[AND]The MMSE score:Illiteracy [AND]is greater than [OR] equal to 17 points, primary school [AND]is greater than [OR] equal to 20 points, higher secondary school [AND]is more than 24 points; ⑤[AND]The people signed informed consent.
Exclusion Criteria:
  -  The diagnosis [AND]of preoperative delirium；
       -  The diagnosis [AND]Unstable hypertension（Such as：pheochromocytoma [OR] aortic dissection）； ③[AND]Severe chronic obstructive pulmonary disease [OR] congestive heart failure； ④[AND]Severe liver [AND]kidney dysfunction;
Die Daten wurden erfolgreich in '/work/eauten2s/ec_criteria_struct/lct/evaluate_parse_1/eval_p1_n_shot_modelle_prompt6_temperatur5/model_output/Gemma-27b_0_shot/output/Gemma-27b_NCT03860714_0_shot.txt' gespeichert.
File: NCT03860753 

Das File: /work/eauten2s/ec_criteria_struct/lct/input/lct_txt/NCT03860753.txt wurde erfolgreich geladen.
Inclusion Criteria:
  -  treatment-seeking individuals [AND] diagnosed with AUD diagnostic statistical manual 5 (DSM-5)
  -  fluent in English
  -  past month excessive alcohol use (>7 drinks/week for woman, >14 drinks/week for men, >3 drinks/occasion for women [OR] >4 drinks/occasion for men)14
  -  baseline Hamilton Anxiety Rating Scale (HAM-A) [OR] Perceived Stress Scale (PSS) core indicative of mild to moderate anxiety (score 8 to 23) [OR] moderate stress (score 14 to 26), respectively
  -  increase in alcohol craving following the baseline stress reactivity assessment.
Exclusion Criteria:
  -  Individuals will be excluded for exhibiting severe scores on the HAM-A, PSS, [OR] post-traumatic (PTSD) checklist (PCL-5) at the discretion of the admitting physician
  -  physical dependence on alcohol Alcohol Use Disorders Inventory (AUDIT) score indicative of severe alcohol dependence (≥13 for women, ≥15 for men)
  -  greater than mild substance use disorder on drugs other than alcohol, nicotine, [AND] marijuana
  -  contraindications for taking pioglitazone; medical conditions contraindicating pioglitazone pharmacotherapy [OR] taking contraindicated medications
  -  [NOT] be pregnant, nursing, [OR] planning on becoming pregnant during the course of the study
  -  have any other illness, condition, [OR] use of medications, which in the opinion of the PI [AND]/or admitting physician would preclude safe [AND]/or successful completion of the study.
Die Daten wurden erfolgreich in '/work/eauten2s/ec_criteria_struct/lct/evaluate_parse_1/eval_p1_n_shot_modelle_prompt6_temperatur5/model_output/Gemma-27b_0_shot/output/Gemma-27b_NCT03860753_0_shot.txt' gespeichert.
File: NCT03860766 

Das File: /work/eauten2s/ec_criteria_struct/lct/input/lct_txt/NCT03860766.txt wurde erfolgreich geladen.
Inclusion Criteria:
  - Handball players [AND] healthy [AND] (participation of at least one official match in the last year [OR] attend 70% of the team's activities during the current season).
Exclusion Criteria:
  - Musculoskeletal injury in the last three months [OR] cardiovascular diseases [OR] use of anabolic, anti-inflammatory [AND] analgesic drugs 72 hours before the evaluations [OR] use of alcohol [AND] illicit drugs during the collection period.
Die Daten wurden erfolgreich in '/work/eauten2s/ec_criteria_struct/lct/evaluate_parse_1/eval_p1_n_shot_modelle_prompt6_temperatur5/model_output/Gemma-27b_0_shot/output/Gemma-27b_NCT03860766_0_shot.txt' gespeichert.
File: NCT03860779 

Das File: /work/eauten2s/ec_criteria_struct/lct/input/lct_txt/NCT03860779.txt wurde erfolgreich geladen.
Inclusion Criteria:
  - Age above 18 [AND] ASA classification I [OR] II [AND] Indication for colonoscopy with propofol sedation [AND] Written informed consent
Exclusion Criteria:
  - [NOT]Pregnancy
Die Daten wurden erfolgreich in '/work/eauten2s/ec_criteria_struct/lct/evaluate_parse_1/eval_p1_n_shot_modelle_prompt6_temperatur5/model_output/Gemma-27b_0_shot/output/Gemma-27b_NCT03860779_0_shot.txt' gespeichert.
File: NCT03860792 

Das File: /work/eauten2s/ec_criteria_struct/lct/input/lct_txt/NCT03860792.txt wurde erfolgreich geladen.
Inclusion Criteria:
  - Diagnosis of AD by current McKhann et al. criteria
  - CDR global score of 0.5 [OR] 1
  - Agreed cooperation from an appropriate study partner
  - Speaks English as primary language
  - Age 50 to 90
  - [NOT] Medication changes within the past 30 days
Exclusion Criteria:
  - Resides in a nursing home [OR] dementia special care unit, [OR] cannot control diet
  - A potentially confounding serious medical risk including insulin-requiring diabetes, cancer requiring chemotherapy [OR] radiation within the past 5 years, [OR] a recent cardiac event (i.e. heart attack, angioplasty, etc.)
  - Participating in another clinical trial [OR] using an investigational drug [OR] therapy within 30 days of the Screening Visit
  - A history of renal stones
Die Daten wurden erfolgreich in '/work/eauten2s/ec_criteria_struct/lct/evaluate_parse_1/eval_p1_n_shot_modelle_prompt6_temperatur5/model_output/Gemma-27b_0_shot/output/Gemma-27b_NCT03860792_0_shot.txt' gespeichert.
File: NCT03860857 

Das File: /work/eauten2s/ec_criteria_struct/lct/input/lct_txt/NCT03860857.txt wurde erfolgreich geladen.
Inclusion Criteria:
  1. [AND] Between the ages of 60 [AND] 85;
  2. Speaks fluent English;
  3. Visual [AND] auditory acuity adequate for neuropsychological [AND] computerized testing;
  4. Good general health [AND] [NOT] disease(s) expected to interfere with the study;
  5. Willing [AND] able to participate for the duration of the study [AND] in all study procedures including MRI [AND] PET;
  6. Normal cognition defined as a Clinical Dementia Rating of 0 [AND] a Mini-Mental State Examination score of 27 [OR] higher.
Exclusion Criteria:
  1. Significant co-morbid neurologic disease such as Parkinson's disease, multiple sclerosis, brain cyst, tumor [OR] aneurysm;
  2. Major health conditions such as [NOT] controlled diabetes mellitus, [NOT] controlled hypertension, nutritional deficiency [OR] [NOT] controlled thyroid disease;
  3. Significant psychiatric disorders such as schizophrenia, bipolar disorder, anxiety disorder, major depressive disorder, [OR] attention-deficit hyperactivity disorder;
  4. ADRC consensus diagnosis of dementia [OR] mild cognitive impairment;
  5. Cognitive impairment when tested at baseline (defined as a score on any neuropsychological test of 1.5 SDs [OR] more outside the age norm);
  6. Alcohol [OR] substance abuse [OR] dependence within the past 2 years (DSM-IV criteria);
  7. MRI contraindications, e.g. pacemakers, aneurysm clips, artificial heart valves, ear implants, metal fragments [OR] foreign objects in the eyes, skin [OR] body. Females who are pregnant [OR] trying to get pregnant are also excluded;
  8. PET contraindications, e.g. significant prior radiation exposure [AND] pregnancy.
Die Daten wurden erfolgreich in '/work/eauten2s/ec_criteria_struct/lct/evaluate_parse_1/eval_p1_n_shot_modelle_prompt6_temperatur5/model_output/Gemma-27b_0_shot/output/Gemma-27b_NCT03860857_0_shot.txt' gespeichert.
File: NCT03860870 

Das File: /work/eauten2s/ec_criteria_struct/lct/input/lct_txt/NCT03860870.txt wurde erfolgreich geladen.
Inclusion Criteria:
  -  Healthy
  -  Male
  -  18-40 years of age
  -  [NOT]No known contraindications for anabolic drugs (e.g. cancer)
Exclusion Criteria:
  -  Abnormal ECG
  -  Steroid abuse
  -  Ongoing use of prescription medication
  -  heavy resistance training more than 2 times weekly
  -  Disease deemed by the MD to infer a risk to participate in the trial
Die Daten wurden erfolgreich in '/work/eauten2s/ec_criteria_struct/lct/evaluate_parse_1/eval_p1_n_shot_modelle_prompt6_temperatur5/model_output/Gemma-27b_0_shot/output/Gemma-27b_NCT03860870_0_shot.txt' gespeichert.
File: NCT03860896 

Das File: /work/eauten2s/ec_criteria_struct/lct/input/lct_txt/NCT03860896.txt wurde erfolgreich geladen.
Inclusion Criteria:
  - Patients aged 18 [AND] 74, receiving therapy for active ulcerative colitis confirmed by Mayo Score assessment, [AND] evidence of colonic inflammation.
Exclusion Criteria:
  - Evidence of Crohn's disease, indeterminate colitis, [OR] presence of bacterial [OR] parasitic infection.
  - Patients receiving biologic agents [AND] experimental agents are excluded.
Die Daten wurden erfolgreich in '/work/eauten2s/ec_criteria_struct/lct/evaluate_parse_1/eval_p1_n_shot_modelle_prompt6_temperatur5/model_output/Gemma-27b_0_shot/output/Gemma-27b_NCT03860896_0_shot.txt' gespeichert.
File: NCT03860909 

Das File: /work/eauten2s/ec_criteria_struct/lct/input/lct_txt/NCT03860909.txt wurde erfolgreich geladen.
Inclusion Criteria:
  - Female patients [AND] who have symptoms consistent with endometriosis such as pelvic pain, dysmenorrhea, deep dyspareunia, [OR] infertility
Exclusion Criteria:
  - [NOT] Peacemaker, [OR] metallic foreign bodies, [OR] claustrophobia
Die Daten wurden erfolgreich in '/work/eauten2s/ec_criteria_struct/lct/evaluate_parse_1/eval_p1_n_shot_modelle_prompt6_temperatur5/model_output/Gemma-27b_0_shot/output/Gemma-27b_NCT03860909_0_shot.txt' gespeichert.
File: NCT03860922 

Das File: /work/eauten2s/ec_criteria_struct/lct/input/lct_txt/NCT03860922.txt wurde erfolgreich geladen.
Inclusion Criteria:
  -  patients [AND] in different age groups [AND] both sex referred from orthopedic outpatient clinic [AND] with chronic ankle pain [AND] suspected clinically to have impingement syndrome.
Exclusion Criteria:
  1. Inflammatory arthritis [OR] infection in ankle joint [OR] neoplasm around ankle joint.
  2. Patients with contraindications for MRI, e.g. an implanted magnetic device, pacemakers [OR] claustrophobia.
Die Daten wurden erfolgreich in '/work/eauten2s/ec_criteria_struct/lct/evaluate_parse_1/eval_p1_n_shot_modelle_prompt6_temperatur5/model_output/Gemma-27b_0_shot/output/Gemma-27b_NCT03860922_0_shot.txt' gespeichert.
File: NCT03860974 

Das File: /work/eauten2s/ec_criteria_struct/lct/input/lct_txt/NCT03860974.txt wurde erfolgreich geladen.
Inclusion Criteria:
  - undergoing unilateral [OR] bilateral breast surgery [AND] at least moderate postoperative pain anticipated
  - analgesic plan includes a single-injection peripheral nerve block(s)
  - age 18 years [OR] older
Exclusion Criteria:
  - morbid obesity as defined by a body mass index > 40 (BMI=weight in kg / [height in meters]2)
  - renal insufficiency (preoperative creatinine > 1.5 mg/dL)
  - chronic opioid use (daily use within the 2 weeks prior to surgery [AND] duration of use > 4 weeks)
  - history of opioid abuse
  - [NOT]any comorbidity which results in moderate [OR] severe functional limitation [NOT]inability to communicate with the investigators [OR] hospital staff
  - pregnancy
  - planned regional analgesic with perineural catheter placement
  - incarceration
Die Daten wurden erfolgreich in '/work/eauten2s/ec_criteria_struct/lct/evaluate_parse_1/eval_p1_n_shot_modelle_prompt6_temperatur5/model_output/Gemma-27b_0_shot/output/Gemma-27b_NCT03860974_0_shot.txt' gespeichert.
File: NCT03861065 

Das File: /work/eauten2s/ec_criteria_struct/lct/input/lct_txt/NCT03861065.txt wurde erfolgreich geladen.
Inclusion Criteria:
  -  Patients [AND] with high risk class II, class III, [OR] class IV abdominal wounds
  -  [AND] undergoing laparotomy for gynecologic related disorders
  -  Patients undergoing laparotomy for both benign [OR] malignant diagnoses will be included in this study
Exclusion Criteria:
  -  [NOT] Pregnancy
  -  [NOT] Allergy to triclosan
  -  Patients undergoing HIPEC
Die Daten wurden erfolgreich in '/work/eauten2s/ec_criteria_struct/lct/evaluate_parse_1/eval_p1_n_shot_modelle_prompt6_temperatur5/model_output/Gemma-27b_0_shot/output/Gemma-27b_NCT03861065_0_shot.txt' gespeichert.
File: NCT03861078 

Das File: /work/eauten2s/ec_criteria_struct/lct/input/lct_txt/NCT03861078.txt wurde erfolgreich geladen.
Inclusion Criteria-- Participants must be:
  -  Healthy [AND] determined by self-report
  -  Between the ages of 18-55 years old
  -  Current cigarette smokers
  -  Wiling to provide informed consent
  -  Able to attend the lab session [AND] abstain from tobacco/nicotine products as required
  -  Agree to use designated products according to the study protocol
Exclusion Criteria:
  -  Women [IF] they are breast-feeding [OR] test positive for pregnancy (by urinalysis) at screening.
  -  Individuals who weigh less than 110 pounds.
Some study details about the eligibility criteria are purposely omitted at this time to preserve scientific integrity. Full details will be posted at the conclusion of the study.
Die Daten wurden erfolgreich in '/work/eauten2s/ec_criteria_struct/lct/evaluate_parse_1/eval_p1_n_shot_modelle_prompt6_temperatur5/model_output/Gemma-27b_0_shot/output/Gemma-27b_NCT03861078_0_shot.txt' gespeichert.
