slurmstepd: error: NVML: Failed to get usage(999): Unknown Error
slurmstepd: error: NVML: Failed to get usage(999): Unknown Error
Traceback (most recent call last):
  File "/home/eauten2s/.local/lib/python3.9/site-packages/torch/cuda/__init__.py", line 306, in _lazy_init
    queued_call()
  File "/home/eauten2s/.local/lib/python3.9/site-packages/torch/cuda/__init__.py", line 174, in _check_capability
    capability = get_device_capability(d)
  File "/home/eauten2s/.local/lib/python3.9/site-packages/torch/cuda/__init__.py", line 430, in get_device_capability
    prop = get_device_properties(device)
  File "/home/eauten2s/.local/lib/python3.9/site-packages/torch/cuda/__init__.py", line 448, in get_device_properties
    return _get_device_properties(device)  # type: ignore[name-defined]
RuntimeError: device >= 0 && device < num_gpus INTERNAL ASSERT FAILED at "../aten/src/ATen/cuda/CUDAContext.cpp":50, please report a bug to PyTorch. device=, num_gpus=

The above exception was the direct cause of the following exception:

Traceback (most recent call last):
  File "/work/eauten2s/ec_criteria_struct/lct/models/test.py", line 6, in <module>
    print("CUDA current device:", torch.cuda.current_device())
  File "/home/eauten2s/.local/lib/python3.9/site-packages/torch/cuda/__init__.py", line 778, in current_device
    _lazy_init()
  File "/home/eauten2s/.local/lib/python3.9/site-packages/torch/cuda/__init__.py", line 312, in _lazy_init
    raise DeferredCudaCallError(msg) from e
torch.cuda.DeferredCudaCallError: CUDA call failed lazily at initialization with error: device >= 0 && device < num_gpus INTERNAL ASSERT FAILED at "../aten/src/ATen/cuda/CUDAContext.cpp":50, please report a bug to PyTorch. device=, num_gpus=

CUDA call was originally invoked at:

  File "/work/eauten2s/ec_criteria_struct/lct/models/test.py", line 1, in <module>
    import torch
  File "<frozen importlib._bootstrap>", line 1007, in _find_and_load
  File "<frozen importlib._bootstrap>", line 986, in _find_and_load_unlocked
  File "<frozen importlib._bootstrap>", line 680, in _load_unlocked
  File "<frozen importlib._bootstrap_external>", line 850, in exec_module
  File "<frozen importlib._bootstrap>", line 228, in _call_with_frames_removed
  File "/home/eauten2s/.local/lib/python3.9/site-packages/torch/__init__.py", line 1480, in <module>
    _C._initExtension(manager_path())
  File "<frozen importlib._bootstrap>", line 1007, in _find_and_load
  File "<frozen importlib._bootstrap>", line 986, in _find_and_load_unlocked
  File "<frozen importlib._bootstrap>", line 680, in _load_unlocked
  File "<frozen importlib._bootstrap_external>", line 850, in exec_module
  File "<frozen importlib._bootstrap>", line 228, in _call_with_frames_removed
  File "/home/eauten2s/.local/lib/python3.9/site-packages/torch/cuda/__init__.py", line 238, in <module>
    _lazy_call(_check_capability)
  File "/home/eauten2s/.local/lib/python3.9/site-packages/torch/cuda/__init__.py", line 235, in _lazy_call
    _queued_calls.append((callable, traceback.format_stack()))

slurmstepd: error: NVML: Failed to get usage(999): Unknown Error
