2024-06-17 19:47:59.123502: I tensorflow/core/platform/cpu_feature_guard.cc:210] This TensorFlow binary is optimized to use available CPU instructions in performance-critical operations.
To enable the following instructions: AVX2 FMA, in other operations, rebuild TensorFlow with the appropriate compiler flags.
2024-06-17 19:48:00.203758: W tensorflow/compiler/tf2tensorrt/utils/py_utils.cc:38] TF-TRT Warning: Could not find TensorRT
/usr/lib64/python3.9/site-packages/scipy/__init__.py:138: UserWarning: A NumPy version >=1.16.5 and <1.23.0 is required for this version of SciPy (detected version 1.26.4)
  warnings.warn(f"A NumPy version >={np_minversion} and <{np_maxversion} is required for this version of "
/home/eauten2s/.local/lib/python3.9/site-packages/unsloth/__init__.py:37: UserWarning: Unsloth: 'CUDA_VISIBLE_DEVICES' is currently 0,1,2,3 
Multiple CUDA devices detected but we require a single device.
We will override CUDA_VISIBLE_DEVICES to first device: 0.
  warnings.warn(
Traceback (most recent call last):
  File "/home/eauten2s/.local/lib/python3.9/site-packages/torch/cuda/__init__.py", line 306, in _lazy_init
    queued_call()
  File "/home/eauten2s/.local/lib/python3.9/site-packages/torch/cuda/__init__.py", line 174, in _check_capability
    capability = get_device_capability(d)
  File "/home/eauten2s/.local/lib/python3.9/site-packages/torch/cuda/__init__.py", line 430, in get_device_capability
    prop = get_device_properties(device)
  File "/home/eauten2s/.local/lib/python3.9/site-packages/torch/cuda/__init__.py", line 448, in get_device_properties
    return _get_device_properties(device)  # type: ignore[name-defined]
RuntimeError: device >= 0 && device < num_gpus INTERNAL ASSERT FAILED at "../aten/src/ATen/cuda/CUDAContext.cpp":50, please report a bug to PyTorch. device=, num_gpus=

The above exception was the direct cause of the following exception:

Traceback (most recent call last):
  File "/work/eauten2s/ec_criteria_struct/lct/models/llama_p1_tuned.py", line 102, in <module>
    from unsloth import FastLanguageModel
  File "/home/eauten2s/.local/lib/python3.9/site-packages/unsloth/__init__.py", line 60, in <module>
    major_version, minor_version = torch.cuda.get_device_capability()
  File "/home/eauten2s/.local/lib/python3.9/site-packages/torch/cuda/__init__.py", line 430, in get_device_capability
    prop = get_device_properties(device)
  File "/home/eauten2s/.local/lib/python3.9/site-packages/torch/cuda/__init__.py", line 444, in get_device_properties
    _lazy_init()  # will define _get_device_properties
  File "/home/eauten2s/.local/lib/python3.9/site-packages/torch/cuda/__init__.py", line 312, in _lazy_init
    raise DeferredCudaCallError(msg) from e
torch.cuda.DeferredCudaCallError: CUDA call failed lazily at initialization with error: device >= 0 && device < num_gpus INTERNAL ASSERT FAILED at "../aten/src/ATen/cuda/CUDAContext.cpp":50, please report a bug to PyTorch. device=, num_gpus=

CUDA call was originally invoked at:

  File "/work/eauten2s/ec_criteria_struct/lct/models/llama_p1_tuned.py", line 2, in <module>
    import transformers
  File "<frozen importlib._bootstrap>", line 1007, in _find_and_load
  File "<frozen importlib._bootstrap>", line 986, in _find_and_load_unlocked
  File "<frozen importlib._bootstrap>", line 680, in _load_unlocked
  File "<frozen importlib._bootstrap_external>", line 850, in exec_module
  File "<frozen importlib._bootstrap>", line 228, in _call_with_frames_removed
  File "/home/eauten2s/.local/lib/python3.9/site-packages/transformers/__init__.py", line 26, in <module>
    from . import dependency_versions_check
  File "<frozen importlib._bootstrap>", line 1058, in _handle_fromlist
  File "<frozen importlib._bootstrap>", line 228, in _call_with_frames_removed
  File "<frozen importlib._bootstrap>", line 1007, in _find_and_load
  File "<frozen importlib._bootstrap>", line 986, in _find_and_load_unlocked
  File "<frozen importlib._bootstrap>", line 680, in _load_unlocked
  File "<frozen importlib._bootstrap_external>", line 850, in exec_module
  File "<frozen importlib._bootstrap>", line 228, in _call_with_frames_removed
  File "/home/eauten2s/.local/lib/python3.9/site-packages/transformers/dependency_versions_check.py", line 16, in <module>
    from .utils.versions import require_version, require_version_core
  File "<frozen importlib._bootstrap>", line 1007, in _find_and_load
  File "<frozen importlib._bootstrap>", line 972, in _find_and_load_unlocked
  File "<frozen importlib._bootstrap>", line 228, in _call_with_frames_removed
  File "<frozen importlib._bootstrap>", line 1007, in _find_and_load
  File "<frozen importlib._bootstrap>", line 986, in _find_and_load_unlocked
  File "<frozen importlib._bootstrap>", line 680, in _load_unlocked
  File "<frozen importlib._bootstrap_external>", line 850, in exec_module
  File "<frozen importlib._bootstrap>", line 228, in _call_with_frames_removed
  File "/home/eauten2s/.local/lib/python3.9/site-packages/transformers/utils/__init__.py", line 33, in <module>
    from .generic import (
  File "<frozen importlib._bootstrap>", line 1007, in _find_and_load
  File "<frozen importlib._bootstrap>", line 986, in _find_and_load_unlocked
  File "<frozen importlib._bootstrap>", line 680, in _load_unlocked
  File "<frozen importlib._bootstrap_external>", line 850, in exec_module
  File "<frozen importlib._bootstrap>", line 228, in _call_with_frames_removed
  File "/home/eauten2s/.local/lib/python3.9/site-packages/transformers/utils/generic.py", line 461, in <module>
    import torch.utils._pytree as _torch_pytree
  File "<frozen importlib._bootstrap>", line 1007, in _find_and_load
  File "<frozen importlib._bootstrap>", line 972, in _find_and_load_unlocked
  File "<frozen importlib._bootstrap>", line 228, in _call_with_frames_removed
  File "<frozen importlib._bootstrap>", line 1007, in _find_and_load
  File "<frozen importlib._bootstrap>", line 972, in _find_and_load_unlocked
  File "<frozen importlib._bootstrap>", line 228, in _call_with_frames_removed
  File "<frozen importlib._bootstrap>", line 1007, in _find_and_load
  File "<frozen importlib._bootstrap>", line 986, in _find_and_load_unlocked
  File "<frozen importlib._bootstrap>", line 680, in _load_unlocked
  File "<frozen importlib._bootstrap_external>", line 850, in exec_module
  File "<frozen importlib._bootstrap>", line 228, in _call_with_frames_removed
  File "/home/eauten2s/.local/lib/python3.9/site-packages/torch/__init__.py", line 1478, in <module>
    _C._initExtension(manager_path())
  File "<frozen importlib._bootstrap>", line 1007, in _find_and_load
  File "<frozen importlib._bootstrap>", line 986, in _find_and_load_unlocked
  File "<frozen importlib._bootstrap>", line 680, in _load_unlocked
  File "<frozen importlib._bootstrap_external>", line 850, in exec_module
  File "<frozen importlib._bootstrap>", line 228, in _call_with_frames_removed
  File "/home/eauten2s/.local/lib/python3.9/site-packages/torch/cuda/__init__.py", line 238, in <module>
    _lazy_call(_check_capability)
  File "/home/eauten2s/.local/lib/python3.9/site-packages/torch/cuda/__init__.py", line 235, in _lazy_call
    _queued_calls.append((callable, traceback.format_stack()))

